2025-05-04 16:24:53 [main] INFO  r.s.j.m.m.a.MessengerApplication - Starting MessengerApplication using Java 17.0.12 with PID 14796 (C:\Users\tanki\pet-projects\Messenger\messenger-application\target\classes started by tanki in C:\Users\tanki\pet-projects\Messenger)
2025-05-04 16:24:53 [main] INFO  r.s.j.m.m.a.MessengerApplication - No active profile set, falling back to 1 default profile: "default"
2025-05-04 16:24:53 [main] INFO  o.s.b.d.c.l.DockerComposeLifecycleManager - Using Docker Compose file C:\Users\tanki\pet-projects\Messenger\compose.yaml
2025-05-04 16:26:53 [main] INFO  r.s.j.m.m.a.MessengerApplication - Starting MessengerApplication using Java 17.0.12 with PID 340 (C:\Users\tanki\pet-projects\Messenger\messenger-application\target\classes started by tanki in C:\Users\tanki\pet-projects\Messenger)
2025-05-04 16:26:53 [main] INFO  r.s.j.m.m.a.MessengerApplication - No active profile set, falling back to 1 default profile: "default"
2025-05-04 16:27:12 [main] INFO  r.s.j.m.m.a.MessengerApplication - Starting MessengerApplication using Java 17.0.12 with PID 16744 (C:\Users\tanki\pet-projects\Messenger\messenger-application\target\classes started by tanki in C:\Users\tanki\pet-projects\Messenger)
2025-05-04 16:27:12 [main] INFO  r.s.j.m.m.a.MessengerApplication - No active profile set, falling back to 1 default profile: "default"
2025-05-04 16:32:24 [main] INFO  r.s.j.m.m.a.MessengerApplication - Starting MessengerApplication using Java 17.0.12 with PID 2684 (C:\Users\tanki\pet-projects\Messenger\messenger-application\target\classes started by tanki in C:\Users\tanki\pet-projects\Messenger)
2025-05-04 16:32:24 [main] INFO  r.s.j.m.m.a.MessengerApplication - No active profile set, falling back to 1 default profile: "default"
2025-05-04 16:35:15 [main] INFO  r.s.j.m.m.a.MessengerApplication - Starting MessengerApplication using Java 17.0.12 with PID 7176 (C:\Users\tanki\pet-projects\Messenger\messenger-application\target\classes started by tanki in C:\Users\tanki\pet-projects\Messenger)
2025-05-04 16:35:15 [main] INFO  r.s.j.m.m.a.MessengerApplication - No active profile set, falling back to 1 default profile: "default"
2025-05-04 16:36:17 [main] INFO  r.s.j.m.m.a.MessengerApplication - Starting MessengerApplication using Java 17.0.12 with PID 25028 (C:\Users\tanki\pet-projects\Messenger\messenger-application\target\classes started by tanki in C:\Users\tanki\pet-projects\Messenger)
2025-05-04 16:36:17 [main] INFO  r.s.j.m.m.a.MessengerApplication - No active profile set, falling back to 1 default profile: "default"
2025-05-04 17:15:09 [main] INFO  r.s.j.m.m.a.MessengerApplication - Starting MessengerApplication using Java 17.0.12 with PID 28556 (C:\Users\tanki\pet-projects\Messenger\messenger-application\target\classes started by tanki in C:\Users\tanki\pet-projects\Messenger)
2025-05-04 17:15:09 [main] INFO  r.s.j.m.m.a.MessengerApplication - No active profile set, falling back to 1 default profile: "default"
2025-05-04 18:58:55 [main] INFO  r.s.j.m.m.a.MessengerApplication - Starting MessengerApplication using Java 17.0.12 with PID 13964 (C:\Users\tanki\pet-projects\Messenger\messenger-application\target\classes started by tanki in C:\Users\tanki\pet-projects\Messenger)
2025-05-04 18:58:55 [main] INFO  r.s.j.m.m.a.MessengerApplication - No active profile set, falling back to 1 default profile: "default"
2025-05-04 19:02:26 [main] INFO  r.s.j.m.m.a.MessengerApplication - Starting MessengerApplication using Java 17.0.12 with PID 12988 (C:\Users\tanki\pet-projects\Messenger\messenger-application\target\classes started by tanki in C:\Users\tanki\pet-projects\Messenger)
2025-05-04 19:02:26 [main] INFO  r.s.j.m.m.a.MessengerApplication - No active profile set, falling back to 1 default profile: "default"
2025-05-04 19:03:06 [main] INFO  r.s.j.m.m.a.MessengerApplication - Starting MessengerApplication using Java 17.0.12 with PID 25468 (C:\Users\tanki\pet-projects\Messenger\messenger-application\target\classes started by tanki in C:\Users\tanki\pet-projects\Messenger)
2025-05-04 19:03:06 [main] INFO  r.s.j.m.m.a.MessengerApplication - No active profile set, falling back to 1 default profile: "default"
2025-05-04 19:03:51 [main] INFO  r.s.j.m.m.a.MessengerApplication - Starting MessengerApplication using Java 17.0.12 with PID 14208 (C:\Users\tanki\pet-projects\Messenger\messenger-application\target\classes started by tanki in C:\Users\tanki\pet-projects\Messenger)
2025-05-04 19:03:51 [main] INFO  r.s.j.m.m.a.MessengerApplication - No active profile set, falling back to 1 default profile: "default"
2025-05-04 19:06:08 [main] INFO  r.s.j.m.m.a.MessengerApplication - Starting MessengerApplication using Java 17.0.12 with PID 12820 (C:\Users\tanki\pet-projects\Messenger\messenger-application\target\classes started by tanki in C:\Users\tanki\pet-projects\Messenger)
2025-05-04 19:06:08 [main] INFO  r.s.j.m.m.a.MessengerApplication - No active profile set, falling back to 1 default profile: "default"
2025-05-04 19:09:47 [background-preinit] INFO  o.h.validator.internal.util.Version - HV000001: Hibernate Validator 8.0.1.Final
2025-05-04 19:09:47 [main] INFO  r.s.j.m.m.a.MessengerApplication - Starting MessengerApplication using Java 17.0.12 with PID 14740 (C:\Users\tanki\pet-projects\Messenger\messenger-application\target\classes started by tanki in C:\Users\tanki\pet-projects\Messenger)
2025-05-04 19:09:47 [main] INFO  r.s.j.m.m.a.MessengerApplication - No active profile set, falling back to 1 default profile: "default"
2025-05-04 19:09:50 [main] INFO  o.s.d.r.c.RepositoryConfigurationDelegate - Bootstrapping Spring Data JPA repositories in DEFAULT mode.
2025-05-04 19:09:50 [main] INFO  o.s.d.r.c.RepositoryConfigurationDelegate - Finished Spring Data repository scanning in 21 ms. Found 0 JPA repository interfaces.
2025-05-04 19:09:52 [main] INFO  o.s.b.w.e.tomcat.TomcatWebServer - Tomcat initialized with port 8080 (http)
2025-05-04 19:09:52 [main] INFO  o.a.coyote.http11.Http11NioProtocol - Initializing ProtocolHandler ["http-nio-8080"]
2025-05-04 19:09:52 [main] INFO  o.a.catalina.core.StandardService - Starting service [Tomcat]
2025-05-04 19:09:52 [main] INFO  o.a.catalina.core.StandardEngine - Starting Servlet engine: [Apache Tomcat/10.1.20]
2025-05-04 19:09:52 [main] INFO  o.a.c.c.C.[Tomcat].[localhost].[/] - Initializing Spring embedded WebApplicationContext
2025-05-04 19:09:52 [main] INFO  o.s.b.w.s.c.ServletWebServerApplicationContext - Root WebApplicationContext: initialization completed in 4498 ms
2025-05-04 19:09:53 [main] INFO  o.a.catalina.core.StandardService - Stopping service [Tomcat]
2025-05-04 19:20:58 [background-preinit] INFO  o.h.validator.internal.util.Version - HV000001: Hibernate Validator 8.0.1.Final
2025-05-04 19:20:58 [main] INFO  r.s.j.m.m.a.MessengerApplication - Starting MessengerApplication using Java 17.0.12 with PID 8600 (C:\Users\tanki\pet-projects\Messenger\messenger-application\target\classes started by tanki in C:\Users\tanki\pet-projects\Messenger)
2025-05-04 19:20:58 [main] INFO  r.s.j.m.m.a.MessengerApplication - No active profile set, falling back to 1 default profile: "default"
2025-05-04 19:21:01 [main] INFO  o.s.d.r.c.RepositoryConfigurationDelegate - Bootstrapping Spring Data JPA repositories in DEFAULT mode.
2025-05-04 19:21:01 [main] INFO  o.s.d.r.c.RepositoryConfigurationDelegate - Finished Spring Data repository scanning in 22 ms. Found 0 JPA repository interfaces.
2025-05-04 19:21:03 [main] INFO  o.s.b.w.e.tomcat.TomcatWebServer - Tomcat initialized with port 8080 (http)
2025-05-04 19:21:03 [main] INFO  o.a.coyote.http11.Http11NioProtocol - Initializing ProtocolHandler ["http-nio-8080"]
2025-05-04 19:21:03 [main] INFO  o.a.catalina.core.StandardService - Starting service [Tomcat]
2025-05-04 19:21:03 [main] INFO  o.a.catalina.core.StandardEngine - Starting Servlet engine: [Apache Tomcat/10.1.20]
2025-05-04 19:21:04 [main] INFO  o.a.c.c.C.[Tomcat].[localhost].[/] - Initializing Spring embedded WebApplicationContext
2025-05-04 19:21:04 [main] INFO  o.s.b.w.s.c.ServletWebServerApplicationContext - Root WebApplicationContext: initialization completed in 5748 ms
2025-05-04 19:21:05 [main] INFO  o.a.catalina.core.StandardService - Stopping service [Tomcat]
2025-05-04 19:55:13 [background-preinit] INFO  o.h.validator.internal.util.Version - HV000001: Hibernate Validator 8.0.1.Final
2025-05-04 19:55:13 [main] INFO  r.s.j.m.m.a.MessengerApplication - Starting MessengerApplication using Java 17.0.12 with PID 7588 (C:\Users\tanki\pet-projects\Messenger\messenger-application\target\classes started by tanki in C:\Users\tanki\pet-projects\Messenger)
2025-05-04 19:55:13 [main] INFO  r.s.j.m.m.a.MessengerApplication - No active profile set, falling back to 1 default profile: "default"
2025-05-04 19:55:17 [main] INFO  o.s.d.r.c.RepositoryConfigurationDelegate - Bootstrapping Spring Data JPA repositories in DEFAULT mode.
2025-05-04 19:55:17 [main] INFO  o.s.d.r.c.RepositoryConfigurationDelegate - Finished Spring Data repository scanning in 18 ms. Found 0 JPA repository interfaces.
2025-05-04 19:55:20 [main] INFO  o.s.b.w.e.tomcat.TomcatWebServer - Tomcat initialized with port 8080 (http)
2025-05-04 19:55:20 [main] INFO  o.a.coyote.http11.Http11NioProtocol - Initializing ProtocolHandler ["http-nio-8080"]
2025-05-04 19:55:20 [main] INFO  o.a.catalina.core.StandardService - Starting service [Tomcat]
2025-05-04 19:55:20 [main] INFO  o.a.catalina.core.StandardEngine - Starting Servlet engine: [Apache Tomcat/10.1.20]
2025-05-04 19:55:20 [main] INFO  o.a.c.c.C.[Tomcat].[localhost].[/] - Initializing Spring embedded WebApplicationContext
2025-05-04 19:55:20 [main] INFO  o.s.b.w.s.c.ServletWebServerApplicationContext - Root WebApplicationContext: initialization completed in 7169 ms
2025-05-04 19:55:21 [main] INFO  org.hibernate.Version - HHH000412: Hibernate ORM core version 6.5.3.Final
2025-05-04 19:55:22 [main] INFO  o.h.c.i.RegionFactoryInitiator - HHH000026: Second-level cache disabled
2025-05-04 19:55:22 [main] INFO  o.hibernate.orm.connections.pooling - HHH10001005: Loaded JDBC driver class: org.postgresql.Driver
2025-05-04 19:55:22 [main] INFO  o.hibernate.orm.connections.pooling - HHH10001012: Connecting with JDBC URL [jdbc:postgresql://localhost:5432/messenger]
2025-05-04 19:55:22 [main] INFO  o.hibernate.orm.connections.pooling - HHH10001001: Connection properties: {password=qwerty, user=postgres}
2025-05-04 19:55:22 [main] INFO  o.hibernate.orm.connections.pooling - HHH10001003: Autocommit mode: false
2025-05-04 19:55:22 [main] INFO  o.hibernate.orm.connections.pooling - HHH10001115: Connection pool size: 20 (min=1)
2025-05-04 19:55:27 [main] INFO  o.h.e.t.j.p.i.JtaPlatformInitiator - HHH000489: No JTA platform available (set 'hibernate.transaction.jta.platform' to enable JTA platform integration)
2025-05-04 19:55:29 [main] INFO  o.s.b.a.e.web.EndpointLinksResolver - Exposing 1 endpoint(s) beneath base path '/actuator'
2025-05-04 19:55:30 [main] INFO  o.s.s.web.DefaultSecurityFilterChain - Will secure any request with [org.springframework.security.web.session.DisableEncodeUrlFilter@7475f57e, org.springframework.security.web.context.request.async.WebAsyncManagerIntegrationFilter@514f2b5c, org.springframework.security.web.context.SecurityContextHolderFilter@a479c0c, org.springframework.security.web.header.HeaderWriterFilter@3d7d920b, org.springframework.web.filter.CorsFilter@f3cc2e0, org.springframework.security.web.authentication.logout.LogoutFilter@796d0b43, ru.senla.javacourse.mutovin.messenger.impl.utils.JwtAuthenticationFilter@27f6e2c3, org.springframework.security.web.savedrequest.RequestCacheAwareFilter@19203ff3, org.springframework.security.web.servletapi.SecurityContextHolderAwareRequestFilter@51c660c8, org.springframework.security.web.authentication.AnonymousAuthenticationFilter@70ba01be, org.springframework.security.web.session.SessionManagementFilter@1a56cb99, org.springframework.security.web.access.ExceptionTranslationFilter@6314e967, org.springframework.security.web.access.intercept.AuthorizationFilter@1d63f6be]
2025-05-04 19:55:31 [main] INFO  o.hibernate.orm.connections.pooling - HHH10001008: Cleaning up connection pool [jdbc:postgresql://localhost:5432/messenger]
2025-05-04 19:55:31 [main] INFO  o.a.catalina.core.StandardService - Stopping service [Tomcat]
2025-05-04 20:00:39 [background-preinit] INFO  o.h.validator.internal.util.Version - HV000001: Hibernate Validator 8.0.1.Final
2025-05-04 20:00:40 [main] INFO  r.s.j.m.m.a.MessengerApplication - Starting MessengerApplication using Java 17.0.12 with PID 12364 (C:\Users\tanki\pet-projects\Messenger\messenger-application\target\classes started by tanki in C:\Users\tanki\pet-projects\Messenger)
2025-05-04 20:00:40 [main] INFO  r.s.j.m.m.a.MessengerApplication - No active profile set, falling back to 1 default profile: "default"
2025-05-04 20:00:43 [main] INFO  o.s.d.r.c.RepositoryConfigurationDelegate - Bootstrapping Spring Data JPA repositories in DEFAULT mode.
2025-05-04 20:00:43 [main] INFO  o.s.d.r.c.RepositoryConfigurationDelegate - Finished Spring Data repository scanning in 15 ms. Found 0 JPA repository interfaces.
2025-05-04 20:00:46 [main] INFO  o.s.b.w.e.tomcat.TomcatWebServer - Tomcat initialized with port 8080 (http)
2025-05-04 20:00:46 [main] INFO  o.a.coyote.http11.Http11NioProtocol - Initializing ProtocolHandler ["http-nio-8080"]
2025-05-04 20:00:46 [main] INFO  o.a.catalina.core.StandardService - Starting service [Tomcat]
2025-05-04 20:00:46 [main] INFO  o.a.catalina.core.StandardEngine - Starting Servlet engine: [Apache Tomcat/10.1.20]
2025-05-04 20:00:46 [main] INFO  o.a.c.c.C.[Tomcat].[localhost].[/] - Initializing Spring embedded WebApplicationContext
2025-05-04 20:00:46 [main] INFO  o.s.b.w.s.c.ServletWebServerApplicationContext - Root WebApplicationContext: initialization completed in 6325 ms
2025-05-04 20:00:47 [main] INFO  o.a.catalina.core.StandardService - Stopping service [Tomcat]
2025-05-04 20:01:48 [background-preinit] INFO  o.h.validator.internal.util.Version - HV000001: Hibernate Validator 8.0.1.Final
2025-05-04 20:01:48 [main] INFO  r.s.j.m.m.a.MessengerApplication - Starting MessengerApplication using Java 17.0.12 with PID 19472 (C:\Users\tanki\pet-projects\Messenger\messenger-application\target\classes started by tanki in C:\Users\tanki\pet-projects\Messenger)
2025-05-04 20:01:48 [main] INFO  r.s.j.m.m.a.MessengerApplication - No active profile set, falling back to 1 default profile: "default"
2025-05-04 20:01:51 [main] INFO  o.s.d.r.c.RepositoryConfigurationDelegate - Bootstrapping Spring Data JPA repositories in DEFAULT mode.
2025-05-04 20:01:52 [main] INFO  o.s.d.r.c.RepositoryConfigurationDelegate - Finished Spring Data repository scanning in 17 ms. Found 0 JPA repository interfaces.
2025-05-04 20:01:54 [main] INFO  o.s.b.w.e.tomcat.TomcatWebServer - Tomcat initialized with port 8080 (http)
2025-05-04 20:01:54 [main] INFO  o.a.coyote.http11.Http11NioProtocol - Initializing ProtocolHandler ["http-nio-8080"]
2025-05-04 20:01:54 [main] INFO  o.a.catalina.core.StandardService - Starting service [Tomcat]
2025-05-04 20:01:54 [main] INFO  o.a.catalina.core.StandardEngine - Starting Servlet engine: [Apache Tomcat/10.1.20]
2025-05-04 20:01:54 [main] INFO  o.a.c.c.C.[Tomcat].[localhost].[/] - Initializing Spring embedded WebApplicationContext
2025-05-04 20:01:54 [main] INFO  o.s.b.w.s.c.ServletWebServerApplicationContext - Root WebApplicationContext: initialization completed in 6215 ms
2025-05-04 20:01:55 [main] INFO  o.a.catalina.core.StandardService - Stopping service [Tomcat]
2025-05-04 20:03:12 [background-preinit] INFO  o.h.validator.internal.util.Version - HV000001: Hibernate Validator 8.0.1.Final
2025-05-04 20:03:12 [main] INFO  r.s.j.m.m.a.MessengerApplication - Starting MessengerApplication using Java 17.0.12 with PID 15624 (C:\Users\tanki\pet-projects\Messenger\messenger-application\target\classes started by tanki in C:\Users\tanki\pet-projects\Messenger)
2025-05-04 20:03:12 [main] INFO  r.s.j.m.m.a.MessengerApplication - No active profile set, falling back to 1 default profile: "default"
2025-05-04 20:03:16 [main] INFO  o.s.d.r.c.RepositoryConfigurationDelegate - Bootstrapping Spring Data JPA repositories in DEFAULT mode.
2025-05-04 20:03:17 [main] INFO  o.s.d.r.c.RepositoryConfigurationDelegate - Finished Spring Data repository scanning in 17 ms. Found 0 JPA repository interfaces.
2025-05-04 20:03:19 [main] INFO  o.s.b.w.e.tomcat.TomcatWebServer - Tomcat initialized with port 8080 (http)
2025-05-04 20:03:19 [main] INFO  o.a.coyote.http11.Http11NioProtocol - Initializing ProtocolHandler ["http-nio-8080"]
2025-05-04 20:03:19 [main] INFO  o.a.catalina.core.StandardService - Starting service [Tomcat]
2025-05-04 20:03:19 [main] INFO  o.a.catalina.core.StandardEngine - Starting Servlet engine: [Apache Tomcat/10.1.20]
2025-05-04 20:03:19 [main] INFO  o.a.c.c.C.[Tomcat].[localhost].[/] - Initializing Spring embedded WebApplicationContext
2025-05-04 20:03:19 [main] INFO  o.s.b.w.s.c.ServletWebServerApplicationContext - Root WebApplicationContext: initialization completed in 6568 ms
2025-05-04 20:03:20 [main] INFO  o.a.catalina.core.StandardService - Stopping service [Tomcat]
2025-05-04 20:04:15 [background-preinit] INFO  o.h.validator.internal.util.Version - HV000001: Hibernate Validator 8.0.1.Final
2025-05-04 20:04:15 [main] INFO  r.s.j.m.m.a.MessengerApplication - Starting MessengerApplication using Java 17.0.12 with PID 5240 (C:\Users\tanki\pet-projects\Messenger\messenger-application\target\classes started by tanki in C:\Users\tanki\pet-projects\Messenger)
2025-05-04 20:04:15 [main] INFO  r.s.j.m.m.a.MessengerApplication - No active profile set, falling back to 1 default profile: "default"
2025-05-04 20:04:19 [main] INFO  o.s.d.r.c.RepositoryConfigurationDelegate - Bootstrapping Spring Data JPA repositories in DEFAULT mode.
2025-05-04 20:04:19 [main] INFO  o.s.d.r.c.RepositoryConfigurationDelegate - Finished Spring Data repository scanning in 14 ms. Found 0 JPA repository interfaces.
2025-05-04 20:04:21 [main] INFO  o.s.b.w.e.tomcat.TomcatWebServer - Tomcat initialized with port 8080 (http)
2025-05-04 20:04:21 [main] INFO  o.a.coyote.http11.Http11NioProtocol - Initializing ProtocolHandler ["http-nio-8080"]
2025-05-04 20:04:21 [main] INFO  o.a.catalina.core.StandardService - Starting service [Tomcat]
2025-05-04 20:04:21 [main] INFO  o.a.catalina.core.StandardEngine - Starting Servlet engine: [Apache Tomcat/10.1.20]
2025-05-04 20:04:21 [main] INFO  o.a.c.c.C.[Tomcat].[localhost].[/] - Initializing Spring embedded WebApplicationContext
2025-05-04 20:04:21 [main] INFO  o.s.b.w.s.c.ServletWebServerApplicationContext - Root WebApplicationContext: initialization completed in 6132 ms
2025-05-04 20:04:22 [main] INFO  org.hibernate.Version - HHH000412: Hibernate ORM core version 6.5.3.Final
2025-05-04 20:04:23 [main] INFO  o.h.c.i.RegionFactoryInitiator - HHH000026: Second-level cache disabled
2025-05-04 20:04:23 [main] INFO  o.hibernate.orm.connections.pooling - HHH10001005: Loaded JDBC driver class: org.postgresql.Driver
2025-05-04 20:04:23 [main] INFO  o.hibernate.orm.connections.pooling - HHH10001012: Connecting with JDBC URL [jdbc:postgresql://localhost:6666/messenger]
2025-05-04 20:04:23 [main] INFO  o.hibernate.orm.connections.pooling - HHH10001001: Connection properties: {password=qwerty, user=postgres}
2025-05-04 20:04:23 [main] INFO  o.hibernate.orm.connections.pooling - HHH10001003: Autocommit mode: false
2025-05-04 20:04:23 [main] INFO  o.hibernate.orm.connections.pooling - HHH10001115: Connection pool size: 20 (min=1)
2025-05-04 20:04:28 [main] INFO  o.h.e.t.j.p.i.JtaPlatformInitiator - HHH000489: No JTA platform available (set 'hibernate.transaction.jta.platform' to enable JTA platform integration)
2025-05-04 20:04:30 [main] INFO  o.s.b.a.e.web.EndpointLinksResolver - Exposing 1 endpoint(s) beneath base path '/actuator'
2025-05-04 20:04:31 [main] INFO  o.s.s.web.DefaultSecurityFilterChain - Will secure any request with [org.springframework.security.web.session.DisableEncodeUrlFilter@cbf9cc1, org.springframework.security.web.context.request.async.WebAsyncManagerIntegrationFilter@4ae93e38, org.springframework.security.web.context.SecurityContextHolderFilter@5ab2c5d8, org.springframework.security.web.header.HeaderWriterFilter@3d1703f8, org.springframework.web.filter.CorsFilter@6ddeeb78, org.springframework.security.web.authentication.logout.LogoutFilter@5fe08, ru.senla.javacourse.mutovin.messenger.impl.utils.JwtAuthenticationFilter@1aade3c, org.springframework.security.web.savedrequest.RequestCacheAwareFilter@24bc52ce, org.springframework.security.web.servletapi.SecurityContextHolderAwareRequestFilter@7ed0e5db, org.springframework.security.web.authentication.AnonymousAuthenticationFilter@71549247, org.springframework.security.web.session.SessionManagementFilter@6da76bb1, org.springframework.security.web.access.ExceptionTranslationFilter@420d123d, org.springframework.security.web.access.intercept.AuthorizationFilter@3f04349b]
2025-05-04 20:04:33 [main] INFO  o.hibernate.orm.connections.pooling - HHH10001008: Cleaning up connection pool [jdbc:postgresql://localhost:6666/messenger]
2025-05-04 20:04:33 [main] INFO  o.a.catalina.core.StandardService - Stopping service [Tomcat]
2025-05-04 20:06:24 [background-preinit] INFO  o.h.validator.internal.util.Version - HV000001: Hibernate Validator 8.0.1.Final
2025-05-04 20:06:24 [main] INFO  r.s.j.m.m.a.MessengerApplication - Starting MessengerApplication using Java 17.0.12 with PID 21464 (C:\Users\tanki\pet-projects\Messenger\messenger-application\target\classes started by tanki in C:\Users\tanki\pet-projects\Messenger)
2025-05-04 20:06:24 [main] INFO  r.s.j.m.m.a.MessengerApplication - No active profile set, falling back to 1 default profile: "default"
2025-05-04 20:06:28 [main] INFO  o.s.d.r.c.RepositoryConfigurationDelegate - Bootstrapping Spring Data JPA repositories in DEFAULT mode.
2025-05-04 20:06:28 [main] INFO  o.s.d.r.c.RepositoryConfigurationDelegate - Finished Spring Data repository scanning in 18 ms. Found 0 JPA repository interfaces.
2025-05-04 20:06:31 [main] INFO  o.s.b.w.e.tomcat.TomcatWebServer - Tomcat initialized with port 8080 (http)
2025-05-04 20:06:31 [main] INFO  o.a.coyote.http11.Http11NioProtocol - Initializing ProtocolHandler ["http-nio-8080"]
2025-05-04 20:06:31 [main] INFO  o.a.catalina.core.StandardService - Starting service [Tomcat]
2025-05-04 20:06:31 [main] INFO  o.a.catalina.core.StandardEngine - Starting Servlet engine: [Apache Tomcat/10.1.20]
2025-05-04 20:06:31 [main] INFO  o.a.c.c.C.[Tomcat].[localhost].[/] - Initializing Spring embedded WebApplicationContext
2025-05-04 20:06:31 [main] INFO  o.s.b.w.s.c.ServletWebServerApplicationContext - Root WebApplicationContext: initialization completed in 7619 ms
2025-05-04 20:06:33 [main] INFO  org.hibernate.Version - HHH000412: Hibernate ORM core version 6.5.3.Final
2025-05-04 20:06:34 [main] INFO  o.h.c.i.RegionFactoryInitiator - HHH000026: Second-level cache disabled
2025-05-04 20:06:35 [main] INFO  o.hibernate.orm.connections.pooling - HHH10001005: Loaded JDBC driver class: org.postgresql.Driver
2025-05-04 20:06:35 [main] INFO  o.hibernate.orm.connections.pooling - HHH10001012: Connecting with JDBC URL [jdbc:postgresql://localhost:6666/messenger]
2025-05-04 20:06:35 [main] INFO  o.hibernate.orm.connections.pooling - HHH10001001: Connection properties: {password=qwerty, user=postgres}
2025-05-04 20:06:35 [main] INFO  o.hibernate.orm.connections.pooling - HHH10001003: Autocommit mode: false
2025-05-04 20:06:35 [main] INFO  o.hibernate.orm.connections.pooling - HHH10001115: Connection pool size: 20 (min=1)
2025-05-04 20:06:40 [main] INFO  o.h.e.t.j.p.i.JtaPlatformInitiator - HHH000489: No JTA platform available (set 'hibernate.transaction.jta.platform' to enable JTA platform integration)
2025-05-04 20:06:41 [main] INFO  o.s.b.a.e.web.EndpointLinksResolver - Exposing 1 endpoint(s) beneath base path '/actuator'
2025-05-04 20:06:43 [main] INFO  o.s.s.web.DefaultSecurityFilterChain - Will secure any request with [org.springframework.security.web.session.DisableEncodeUrlFilter@cbf9cc1, org.springframework.security.web.context.request.async.WebAsyncManagerIntegrationFilter@4ae93e38, org.springframework.security.web.context.SecurityContextHolderFilter@5ab2c5d8, org.springframework.security.web.header.HeaderWriterFilter@3d1703f8, org.springframework.web.filter.CorsFilter@6ddeeb78, org.springframework.security.web.authentication.logout.LogoutFilter@5fe08, ru.senla.javacourse.mutovin.messenger.impl.utils.JwtAuthenticationFilter@e196238, org.springframework.security.web.savedrequest.RequestCacheAwareFilter@24bc52ce, org.springframework.security.web.servletapi.SecurityContextHolderAwareRequestFilter@7ed0e5db, org.springframework.security.web.authentication.AnonymousAuthenticationFilter@71549247, org.springframework.security.web.session.SessionManagementFilter@6da76bb1, org.springframework.security.web.access.ExceptionTranslationFilter@420d123d, org.springframework.security.web.access.intercept.AuthorizationFilter@3f04349b]
2025-05-04 20:06:45 [main] INFO  o.hibernate.orm.connections.pooling - HHH10001008: Cleaning up connection pool [jdbc:postgresql://localhost:6666/messenger]
2025-05-04 20:06:45 [main] INFO  o.a.catalina.core.StandardService - Stopping service [Tomcat]
2025-05-04 20:07:14 [background-preinit] INFO  o.h.validator.internal.util.Version - HV000001: Hibernate Validator 8.0.1.Final
2025-05-04 20:07:14 [main] INFO  r.s.j.m.m.a.MessengerApplication - Starting MessengerApplication using Java 17.0.12 with PID 22860 (C:\Users\tanki\pet-projects\Messenger\messenger-application\target\classes started by tanki in C:\Users\tanki\pet-projects\Messenger)
2025-05-04 20:07:14 [main] INFO  r.s.j.m.m.a.MessengerApplication - No active profile set, falling back to 1 default profile: "default"
2025-05-04 20:07:18 [main] INFO  o.s.d.r.c.RepositoryConfigurationDelegate - Bootstrapping Spring Data JPA repositories in DEFAULT mode.
2025-05-04 20:07:18 [main] INFO  o.s.d.r.c.RepositoryConfigurationDelegate - Finished Spring Data repository scanning in 17 ms. Found 0 JPA repository interfaces.
2025-05-04 20:07:20 [main] INFO  o.s.b.w.e.tomcat.TomcatWebServer - Tomcat initialized with port 8080 (http)
2025-05-04 20:07:20 [main] INFO  o.a.coyote.http11.Http11NioProtocol - Initializing ProtocolHandler ["http-nio-8080"]
2025-05-04 20:07:20 [main] INFO  o.a.catalina.core.StandardService - Starting service [Tomcat]
2025-05-04 20:07:20 [main] INFO  o.a.catalina.core.StandardEngine - Starting Servlet engine: [Apache Tomcat/10.1.20]
2025-05-04 20:07:20 [main] INFO  o.a.c.c.C.[Tomcat].[localhost].[/] - Initializing Spring embedded WebApplicationContext
2025-05-04 20:07:20 [main] INFO  o.s.b.w.s.c.ServletWebServerApplicationContext - Root WebApplicationContext: initialization completed in 6522 ms
2025-05-04 20:07:21 [main] INFO  org.hibernate.Version - HHH000412: Hibernate ORM core version 6.5.3.Final
2025-05-04 20:07:22 [main] INFO  o.h.c.i.RegionFactoryInitiator - HHH000026: Second-level cache disabled
2025-05-04 20:07:22 [main] INFO  o.hibernate.orm.connections.pooling - HHH10001005: Loaded JDBC driver class: org.postgresql.Driver
2025-05-04 20:07:22 [main] INFO  o.hibernate.orm.connections.pooling - HHH10001012: Connecting with JDBC URL [jdbc:postgresql://localhost:6666/messenger]
2025-05-04 20:07:22 [main] INFO  o.hibernate.orm.connections.pooling - HHH10001001: Connection properties: {password=qwerty, user=postgres}
2025-05-04 20:07:22 [main] INFO  o.hibernate.orm.connections.pooling - HHH10001003: Autocommit mode: false
2025-05-04 20:07:22 [main] INFO  o.hibernate.orm.connections.pooling - HHH10001115: Connection pool size: 20 (min=1)
2025-05-04 20:07:27 [main] INFO  o.h.e.t.j.p.i.JtaPlatformInitiator - HHH000489: No JTA platform available (set 'hibernate.transaction.jta.platform' to enable JTA platform integration)
2025-05-04 20:07:29 [main] INFO  o.s.b.a.e.web.EndpointLinksResolver - Exposing 1 endpoint(s) beneath base path '/actuator'
2025-05-04 20:07:30 [main] INFO  o.s.s.web.DefaultSecurityFilterChain - Will secure any request with [org.springframework.security.web.session.DisableEncodeUrlFilter@2197990b, org.springframework.security.web.context.request.async.WebAsyncManagerIntegrationFilter@17eb5661, org.springframework.security.web.context.SecurityContextHolderFilter@3a22c944, org.springframework.security.web.header.HeaderWriterFilter@32ff3c98, org.springframework.web.filter.CorsFilter@63b0aeb1, org.springframework.security.web.authentication.logout.LogoutFilter@4e396d1c, ru.senla.javacourse.mutovin.messenger.impl.utils.JwtAuthenticationFilter@77c1a7ce, org.springframework.security.web.savedrequest.RequestCacheAwareFilter@6419726f, org.springframework.security.web.servletapi.SecurityContextHolderAwareRequestFilter@21132086, org.springframework.security.web.authentication.AnonymousAuthenticationFilter@75b5d09, org.springframework.security.web.session.SessionManagementFilter@2fedfff1, org.springframework.security.web.access.ExceptionTranslationFilter@1e250539, org.springframework.security.web.access.intercept.AuthorizationFilter@14d43f13]
2025-05-04 20:07:32 [main] INFO  o.hibernate.orm.connections.pooling - HHH10001008: Cleaning up connection pool [jdbc:postgresql://localhost:6666/messenger]
2025-05-04 20:07:32 [main] INFO  o.a.catalina.core.StandardService - Stopping service [Tomcat]
2025-05-04 20:08:27 [background-preinit] INFO  o.h.validator.internal.util.Version - HV000001: Hibernate Validator 8.0.1.Final
2025-05-04 20:08:27 [main] INFO  r.s.j.m.m.a.MessengerApplication - Starting MessengerApplication using Java 17.0.12 with PID 18948 (C:\Users\tanki\pet-projects\Messenger\messenger-application\target\classes started by tanki in C:\Users\tanki\pet-projects\Messenger)
2025-05-04 20:08:27 [main] INFO  r.s.j.m.m.a.MessengerApplication - No active profile set, falling back to 1 default profile: "default"
2025-05-04 20:08:31 [main] INFO  o.s.d.r.c.RepositoryConfigurationDelegate - Bootstrapping Spring Data JPA repositories in DEFAULT mode.
2025-05-04 20:08:31 [main] INFO  o.s.d.r.c.RepositoryConfigurationDelegate - Finished Spring Data repository scanning in 21 ms. Found 0 JPA repository interfaces.
2025-05-04 20:08:34 [main] INFO  o.s.b.w.e.tomcat.TomcatWebServer - Tomcat initialized with port 8080 (http)
2025-05-04 20:08:34 [main] INFO  o.a.coyote.http11.Http11NioProtocol - Initializing ProtocolHandler ["http-nio-8080"]
2025-05-04 20:08:34 [main] INFO  o.a.catalina.core.StandardService - Starting service [Tomcat]
2025-05-04 20:08:34 [main] INFO  o.a.catalina.core.StandardEngine - Starting Servlet engine: [Apache Tomcat/10.1.20]
2025-05-04 20:08:34 [main] INFO  o.a.c.c.C.[Tomcat].[localhost].[/] - Initializing Spring embedded WebApplicationContext
2025-05-04 20:08:34 [main] INFO  o.s.b.w.s.c.ServletWebServerApplicationContext - Root WebApplicationContext: initialization completed in 6877 ms
2025-05-04 20:08:35 [main] INFO  org.hibernate.Version - HHH000412: Hibernate ORM core version 6.5.3.Final
2025-05-04 20:08:36 [main] INFO  o.h.c.i.RegionFactoryInitiator - HHH000026: Second-level cache disabled
2025-05-04 20:08:36 [main] INFO  o.hibernate.orm.connections.pooling - HHH10001005: Loaded JDBC driver class: org.postgresql.Driver
2025-05-04 20:08:36 [main] INFO  o.hibernate.orm.connections.pooling - HHH10001012: Connecting with JDBC URL [jdbc:postgresql://localhost:6666/messenger]
2025-05-04 20:08:36 [main] INFO  o.hibernate.orm.connections.pooling - HHH10001001: Connection properties: {password=qwerty, user=postgres}
2025-05-04 20:08:36 [main] INFO  o.hibernate.orm.connections.pooling - HHH10001003: Autocommit mode: false
2025-05-04 20:08:36 [main] INFO  o.hibernate.orm.connections.pooling - HHH10001115: Connection pool size: 20 (min=1)
2025-05-04 20:08:42 [main] INFO  o.h.e.t.j.p.i.JtaPlatformInitiator - HHH000489: No JTA platform available (set 'hibernate.transaction.jta.platform' to enable JTA platform integration)
2025-05-04 20:08:44 [main] INFO  o.s.b.a.e.web.EndpointLinksResolver - Exposing 1 endpoint(s) beneath base path '/actuator'
2025-05-04 20:08:45 [main] INFO  o.s.s.web.DefaultSecurityFilterChain - Will secure any request with [org.springframework.security.web.session.DisableEncodeUrlFilter@69780093, org.springframework.security.web.context.request.async.WebAsyncManagerIntegrationFilter@451393a9, org.springframework.security.web.context.SecurityContextHolderFilter@554a4d18, org.springframework.security.web.header.HeaderWriterFilter@78854721, org.springframework.web.filter.CorsFilter@7c590039, org.springframework.security.web.authentication.logout.LogoutFilter@4f63219e, ru.senla.javacourse.mutovin.messenger.impl.utils.JwtAuthenticationFilter@700b035b, org.springframework.security.web.savedrequest.RequestCacheAwareFilter@1d8e9f22, org.springframework.security.web.servletapi.SecurityContextHolderAwareRequestFilter@7882379b, org.springframework.security.web.authentication.AnonymousAuthenticationFilter@5b9aac82, org.springframework.security.web.session.SessionManagementFilter@34c3e307, org.springframework.security.web.access.ExceptionTranslationFilter@99ace98, org.springframework.security.web.access.intercept.AuthorizationFilter@18213a65]
2025-05-04 20:08:47 [main] INFO  o.hibernate.orm.connections.pooling - HHH10001008: Cleaning up connection pool [jdbc:postgresql://localhost:6666/messenger]
2025-05-04 20:08:47 [main] INFO  o.a.catalina.core.StandardService - Stopping service [Tomcat]
2025-05-04 20:25:19 [background-preinit] INFO  o.h.validator.internal.util.Version - HV000001: Hibernate Validator 8.0.1.Final
2025-05-04 20:25:19 [main] INFO  r.s.j.m.m.a.MessengerApplication - Starting MessengerApplication using Java 17.0.12 with PID 11144 (C:\Users\tanki\pet-projects\Messenger\messenger-application\target\classes started by tanki in C:\Users\tanki\pet-projects\Messenger)
2025-05-04 20:25:19 [main] INFO  r.s.j.m.m.a.MessengerApplication - No active profile set, falling back to 1 default profile: "default"
2025-05-04 20:25:24 [main] INFO  o.s.d.r.c.RepositoryConfigurationDelegate - Bootstrapping Spring Data JPA repositories in DEFAULT mode.
2025-05-04 20:25:24 [main] INFO  o.s.d.r.c.RepositoryConfigurationDelegate - Finished Spring Data repository scanning in 36 ms. Found 0 JPA repository interfaces.
2025-05-04 20:25:28 [main] INFO  o.s.b.w.e.tomcat.TomcatWebServer - Tomcat initialized with port 8080 (http)
2025-05-04 20:25:28 [main] INFO  o.a.coyote.http11.Http11NioProtocol - Initializing ProtocolHandler ["http-nio-8080"]
2025-05-04 20:25:28 [main] INFO  o.a.catalina.core.StandardService - Starting service [Tomcat]
2025-05-04 20:25:28 [main] INFO  o.a.catalina.core.StandardEngine - Starting Servlet engine: [Apache Tomcat/10.1.20]
2025-05-04 20:25:28 [main] INFO  o.a.c.c.C.[Tomcat].[localhost].[/] - Initializing Spring embedded WebApplicationContext
2025-05-04 20:25:28 [main] INFO  o.s.b.w.s.c.ServletWebServerApplicationContext - Root WebApplicationContext: initialization completed in 8830 ms
2025-05-04 20:25:29 [main] INFO  org.hibernate.Version - HHH000412: Hibernate ORM core version 6.5.3.Final
2025-05-04 20:25:30 [main] INFO  o.h.c.i.RegionFactoryInitiator - HHH000026: Second-level cache disabled
2025-05-04 20:25:31 [main] INFO  o.hibernate.orm.connections.pooling - HHH10001005: Loaded JDBC driver class: org.postgresql.Driver
2025-05-04 20:25:31 [main] INFO  o.hibernate.orm.connections.pooling - HHH10001012: Connecting with JDBC URL [jdbc:postgresql://localhost:6666/messenger]
2025-05-04 20:25:31 [main] INFO  o.hibernate.orm.connections.pooling - HHH10001001: Connection properties: {password=qwerty, user=postgres}
2025-05-04 20:25:31 [main] INFO  o.hibernate.orm.connections.pooling - HHH10001003: Autocommit mode: false
2025-05-04 20:25:31 [main] INFO  o.hibernate.orm.connections.pooling - HHH10001115: Connection pool size: 20 (min=1)
2025-05-04 20:25:36 [main] INFO  o.h.e.t.j.p.i.JtaPlatformInitiator - HHH000489: No JTA platform available (set 'hibernate.transaction.jta.platform' to enable JTA platform integration)
2025-05-04 20:25:37 [main] INFO  o.s.b.a.e.web.EndpointLinksResolver - Exposing 1 endpoint(s) beneath base path '/actuator'
2025-05-04 20:25:39 [main] INFO  o.s.s.web.DefaultSecurityFilterChain - Will secure any request with [org.springframework.security.web.session.DisableEncodeUrlFilter@4ae93e38, org.springframework.security.web.context.request.async.WebAsyncManagerIntegrationFilter@6ddeeb78, org.springframework.security.web.context.SecurityContextHolderFilter@5ec75178, org.springframework.security.web.header.HeaderWriterFilter@2d492d46, org.springframework.web.filter.CorsFilter@71549247, org.springframework.security.web.authentication.logout.LogoutFilter@97e9568, ru.senla.javacourse.mutovin.messenger.impl.utils.JwtAuthenticationFilter@2e871e93, org.springframework.security.web.savedrequest.RequestCacheAwareFilter@40949bb0, org.springframework.security.web.servletapi.SecurityContextHolderAwareRequestFilter@38bce2ed, org.springframework.security.web.authentication.AnonymousAuthenticationFilter@17d5138, org.springframework.security.web.session.SessionManagementFilter@2ceb722e, org.springframework.security.web.access.ExceptionTranslationFilter@36d8ddc5, org.springframework.security.web.access.intercept.AuthorizationFilter@14ca4b4d]
2025-05-04 20:25:40 [main] INFO  o.hibernate.orm.connections.pooling - HHH10001008: Cleaning up connection pool [jdbc:postgresql://localhost:6666/messenger]
2025-05-04 20:25:40 [main] INFO  o.a.catalina.core.StandardService - Stopping service [Tomcat]
2025-05-04 20:35:40 [background-preinit] INFO  o.h.validator.internal.util.Version - HV000001: Hibernate Validator 8.0.1.Final
2025-05-04 20:35:40 [main] INFO  r.s.j.m.m.a.MessengerApplication - Starting MessengerApplication using Java 17.0.12 with PID 10676 (C:\Users\tanki\pet-projects\Messenger\messenger-application\target\classes started by tanki in C:\Users\tanki\pet-projects\Messenger)
2025-05-04 20:35:40 [main] INFO  r.s.j.m.m.a.MessengerApplication - No active profile set, falling back to 1 default profile: "default"
2025-05-04 20:35:45 [main] INFO  o.s.d.r.c.RepositoryConfigurationDelegate - Bootstrapping Spring Data JPA repositories in DEFAULT mode.
2025-05-04 20:35:45 [main] INFO  o.s.d.r.c.RepositoryConfigurationDelegate - Finished Spring Data repository scanning in 18 ms. Found 0 JPA repository interfaces.
2025-05-04 20:35:48 [main] INFO  o.s.b.w.e.tomcat.TomcatWebServer - Tomcat initialized with port 8080 (http)
2025-05-04 20:35:48 [main] INFO  o.a.coyote.http11.Http11NioProtocol - Initializing ProtocolHandler ["http-nio-8080"]
2025-05-04 20:35:48 [main] INFO  o.a.catalina.core.StandardService - Starting service [Tomcat]
2025-05-04 20:35:48 [main] INFO  o.a.catalina.core.StandardEngine - Starting Servlet engine: [Apache Tomcat/10.1.20]
2025-05-04 20:35:48 [main] INFO  o.a.c.c.C.[Tomcat].[localhost].[/] - Initializing Spring embedded WebApplicationContext
2025-05-04 20:35:48 [main] INFO  o.s.b.w.s.c.ServletWebServerApplicationContext - Root WebApplicationContext: initialization completed in 7968 ms
2025-05-04 20:35:49 [main] INFO  org.hibernate.Version - HHH000412: Hibernate ORM core version 6.5.3.Final
2025-05-04 20:35:50 [main] INFO  o.h.c.i.RegionFactoryInitiator - HHH000026: Second-level cache disabled
2025-05-04 20:35:51 [main] INFO  o.hibernate.orm.connections.pooling - HHH10001005: Loaded JDBC driver class: org.postgresql.Driver
2025-05-04 20:35:51 [main] INFO  o.hibernate.orm.connections.pooling - HHH10001012: Connecting with JDBC URL [jdbc:postgresql://localhost:6666/messenger]
2025-05-04 20:35:51 [main] INFO  o.hibernate.orm.connections.pooling - HHH10001001: Connection properties: {password=qwerty, user=postgres}
2025-05-04 20:35:51 [main] INFO  o.hibernate.orm.connections.pooling - HHH10001003: Autocommit mode: false
2025-05-04 20:35:51 [main] INFO  o.hibernate.orm.connections.pooling - HHH10001115: Connection pool size: 20 (min=1)
2025-05-04 20:35:56 [main] INFO  o.h.e.t.j.p.i.JtaPlatformInitiator - HHH000489: No JTA platform available (set 'hibernate.transaction.jta.platform' to enable JTA platform integration)
2025-05-04 20:35:57 [main] INFO  o.s.b.a.e.web.EndpointLinksResolver - Exposing 1 endpoint(s) beneath base path '/actuator'
2025-05-04 20:35:59 [main] INFO  o.s.s.web.DefaultSecurityFilterChain - Will secure any request with [org.springframework.security.web.session.DisableEncodeUrlFilter@31b2c451, org.springframework.security.web.context.request.async.WebAsyncManagerIntegrationFilter@1201c2f6, org.springframework.security.web.context.SecurityContextHolderFilter@7b13ae73, org.springframework.security.web.header.HeaderWriterFilter@4973fb7d, org.springframework.web.filter.CorsFilter@cbf9cc1, org.springframework.security.web.authentication.logout.LogoutFilter@33a38f07, ru.senla.javacourse.mutovin.messenger.impl.utils.JwtAuthenticationFilter@22825762, org.springframework.security.web.savedrequest.RequestCacheAwareFilter@38410ce5, org.springframework.security.web.servletapi.SecurityContextHolderAwareRequestFilter@40949bb0, org.springframework.security.web.authentication.AnonymousAuthenticationFilter@4ae93e38, org.springframework.security.web.session.SessionManagementFilter@731a5a39, org.springframework.security.web.access.ExceptionTranslationFilter@57be0d93, org.springframework.security.web.access.intercept.AuthorizationFilter@7e9b68c5]
2025-05-04 20:36:02 [main] INFO  o.hibernate.orm.connections.pooling - HHH10001008: Cleaning up connection pool [jdbc:postgresql://localhost:6666/messenger]
2025-05-04 20:36:02 [main] INFO  o.a.catalina.core.StandardService - Stopping service [Tomcat]
2025-05-04 20:39:25 [background-preinit] INFO  o.h.validator.internal.util.Version - HV000001: Hibernate Validator 8.0.1.Final
2025-05-04 20:39:25 [main] INFO  r.s.j.m.m.a.MessengerApplication - Starting MessengerApplication using Java 17.0.12 with PID 3892 (C:\Users\tanki\pet-projects\Messenger\messenger-application\target\classes started by tanki in C:\Users\tanki\pet-projects\Messenger)
2025-05-04 20:39:25 [main] INFO  r.s.j.m.m.a.MessengerApplication - No active profile set, falling back to 1 default profile: "default"
2025-05-04 20:39:29 [main] INFO  o.s.d.r.c.RepositoryConfigurationDelegate - Bootstrapping Spring Data JPA repositories in DEFAULT mode.
2025-05-04 20:39:29 [main] INFO  o.s.d.r.c.RepositoryConfigurationDelegate - Finished Spring Data repository scanning in 57 ms. Found 0 JPA repository interfaces.
2025-05-04 20:39:33 [main] INFO  o.s.b.w.e.tomcat.TomcatWebServer - Tomcat initialized with port 8080 (http)
2025-05-04 20:39:33 [main] INFO  o.a.coyote.http11.Http11NioProtocol - Initializing ProtocolHandler ["http-nio-8080"]
2025-05-04 20:39:33 [main] INFO  o.a.catalina.core.StandardService - Starting service [Tomcat]
2025-05-04 20:39:33 [main] INFO  o.a.catalina.core.StandardEngine - Starting Servlet engine: [Apache Tomcat/10.1.20]
2025-05-04 20:39:33 [main] INFO  o.a.c.c.C.[Tomcat].[localhost].[/] - Initializing Spring embedded WebApplicationContext
2025-05-04 20:39:33 [main] INFO  o.s.b.w.s.c.ServletWebServerApplicationContext - Root WebApplicationContext: initialization completed in 7918 ms
2025-05-04 20:39:34 [main] INFO  org.hibernate.Version - HHH000412: Hibernate ORM core version 6.5.3.Final
2025-05-04 20:39:35 [main] INFO  o.h.c.i.RegionFactoryInitiator - HHH000026: Second-level cache disabled
2025-05-04 20:39:35 [main] INFO  o.hibernate.orm.connections.pooling - HHH10001005: Loaded JDBC driver class: org.postgresql.Driver
2025-05-04 20:39:35 [main] INFO  o.hibernate.orm.connections.pooling - HHH10001012: Connecting with JDBC URL [jdbc:postgresql://localhost:6666/messenger]
2025-05-04 20:39:35 [main] INFO  o.hibernate.orm.connections.pooling - HHH10001001: Connection properties: {password=qwerty, user=postgres}
2025-05-04 20:39:35 [main] INFO  o.hibernate.orm.connections.pooling - HHH10001003: Autocommit mode: false
2025-05-04 20:39:35 [main] INFO  o.hibernate.orm.connections.pooling - HHH10001115: Connection pool size: 20 (min=1)
2025-05-04 20:39:41 [main] INFO  o.h.e.t.j.p.i.JtaPlatformInitiator - HHH000489: No JTA platform available (set 'hibernate.transaction.jta.platform' to enable JTA platform integration)
2025-05-04 20:39:42 [main] INFO  o.s.b.a.e.web.EndpointLinksResolver - Exposing 1 endpoint(s) beneath base path '/actuator'
2025-05-04 20:39:44 [main] INFO  o.s.s.web.DefaultSecurityFilterChain - Will secure any request with [org.springframework.security.web.session.DisableEncodeUrlFilter@5c91b751, org.springframework.security.web.context.request.async.WebAsyncManagerIntegrationFilter@38fc2c39, org.springframework.security.web.context.SecurityContextHolderFilter@748015f8, org.springframework.security.web.header.HeaderWriterFilter@633328d3, org.springframework.web.filter.CorsFilter@41fbe8c0, org.springframework.security.web.authentication.logout.LogoutFilter@318d69ea, ru.senla.javacourse.mutovin.messenger.impl.utils.JwtAuthenticationFilter@2fccfcdb, org.springframework.security.web.savedrequest.RequestCacheAwareFilter@63b0aeb1, org.springframework.security.web.servletapi.SecurityContextHolderAwareRequestFilter@578cd644, org.springframework.security.web.authentication.AnonymousAuthenticationFilter@1e8fd198, org.springframework.security.web.session.SessionManagementFilter@38f704f4, org.springframework.security.web.access.ExceptionTranslationFilter@343b3399, org.springframework.security.web.access.intercept.AuthorizationFilter@40949bb0]
2025-05-04 20:39:48 [main] INFO  o.hibernate.orm.connections.pooling - HHH10001008: Cleaning up connection pool [jdbc:postgresql://localhost:6666/messenger]
2025-05-04 20:39:48 [main] INFO  o.a.catalina.core.StandardService - Stopping service [Tomcat]
2025-05-04 20:41:25 [background-preinit] INFO  o.h.validator.internal.util.Version - HV000001: Hibernate Validator 8.0.1.Final
2025-05-04 20:41:25 [main] INFO  r.s.j.m.m.a.MessengerApplication - Starting MessengerApplication using Java 17.0.12 with PID 20896 (C:\Users\tanki\pet-projects\Messenger\messenger-application\target\classes started by tanki in C:\Users\tanki\pet-projects\Messenger)
2025-05-04 20:41:25 [main] INFO  r.s.j.m.m.a.MessengerApplication - No active profile set, falling back to 1 default profile: "default"
2025-05-04 20:41:30 [main] INFO  o.s.d.r.c.RepositoryConfigurationDelegate - Bootstrapping Spring Data JPA repositories in DEFAULT mode.
2025-05-04 20:41:30 [main] INFO  o.s.d.r.c.RepositoryConfigurationDelegate - Finished Spring Data repository scanning in 13 ms. Found 0 JPA repository interfaces.
2025-05-04 20:41:32 [main] INFO  o.s.b.w.e.tomcat.TomcatWebServer - Tomcat initialized with port 8080 (http)
2025-05-04 20:41:32 [main] INFO  o.a.coyote.http11.Http11NioProtocol - Initializing ProtocolHandler ["http-nio-8080"]
2025-05-04 20:41:32 [main] INFO  o.a.catalina.core.StandardService - Starting service [Tomcat]
2025-05-04 20:41:32 [main] INFO  o.a.catalina.core.StandardEngine - Starting Servlet engine: [Apache Tomcat/10.1.20]
2025-05-04 20:41:32 [main] INFO  o.a.c.c.C.[Tomcat].[localhost].[/] - Initializing Spring embedded WebApplicationContext
2025-05-04 20:41:32 [main] INFO  o.s.b.w.s.c.ServletWebServerApplicationContext - Root WebApplicationContext: initialization completed in 7364 ms
2025-05-04 20:41:33 [main] INFO  org.hibernate.Version - HHH000412: Hibernate ORM core version 6.5.3.Final
2025-05-04 20:41:34 [main] INFO  o.h.c.i.RegionFactoryInitiator - HHH000026: Second-level cache disabled
2025-05-04 20:41:35 [main] INFO  o.hibernate.orm.connections.pooling - HHH10001005: Loaded JDBC driver class: org.postgresql.Driver
2025-05-04 20:41:35 [main] INFO  o.hibernate.orm.connections.pooling - HHH10001012: Connecting with JDBC URL [jdbc:postgresql://localhost:6666/messenger]
2025-05-04 20:41:35 [main] INFO  o.hibernate.orm.connections.pooling - HHH10001001: Connection properties: {password=qwerty, user=postgres}
2025-05-04 20:41:35 [main] INFO  o.hibernate.orm.connections.pooling - HHH10001003: Autocommit mode: false
2025-05-04 20:41:35 [main] INFO  o.hibernate.orm.connections.pooling - HHH10001115: Connection pool size: 20 (min=1)
2025-05-04 20:41:39 [main] INFO  o.h.e.t.j.p.i.JtaPlatformInitiator - HHH000489: No JTA platform available (set 'hibernate.transaction.jta.platform' to enable JTA platform integration)
2025-05-04 20:41:41 [main] INFO  o.s.b.a.e.web.EndpointLinksResolver - Exposing 1 endpoint(s) beneath base path '/actuator'
2025-05-04 20:41:42 [main] INFO  o.s.s.web.DefaultSecurityFilterChain - Will secure any request with [org.springframework.security.web.session.DisableEncodeUrlFilter@266b7d1, org.springframework.security.web.context.request.async.WebAsyncManagerIntegrationFilter@18f919ce, org.springframework.security.web.context.SecurityContextHolderFilter@40949bb0, org.springframework.security.web.header.HeaderWriterFilter@50479c2b, org.springframework.web.filter.CorsFilter@4dea763c, org.springframework.security.web.authentication.logout.LogoutFilter@650929dc, ru.senla.javacourse.mutovin.messenger.impl.utils.JwtAuthenticationFilter@1e3c4c12, org.springframework.security.web.savedrequest.RequestCacheAwareFilter@5c91b751, org.springframework.security.web.servletapi.SecurityContextHolderAwareRequestFilter@1e8fd198, org.springframework.security.web.authentication.AnonymousAuthenticationFilter@26f50a28, org.springframework.security.web.session.SessionManagementFilter@5ab2c5d8, org.springframework.security.web.access.ExceptionTranslationFilter@13835bdc, org.springframework.security.web.access.intercept.AuthorizationFilter@4ae93e38]
2025-05-04 20:41:44 [main] INFO  o.hibernate.orm.connections.pooling - HHH10001008: Cleaning up connection pool [jdbc:postgresql://localhost:6666/messenger]
2025-05-04 20:41:44 [main] INFO  o.a.catalina.core.StandardService - Stopping service [Tomcat]
2025-05-04 20:45:18 [background-preinit] INFO  o.h.validator.internal.util.Version - HV000001: Hibernate Validator 8.0.1.Final
2025-05-04 20:45:19 [main] INFO  r.s.j.m.m.a.MessengerApplication - Starting MessengerApplication using Java 17.0.12 with PID 21928 (C:\Users\tanki\pet-projects\Messenger\messenger-application\target\classes started by tanki in C:\Users\tanki\pet-projects\Messenger)
2025-05-04 20:45:19 [main] INFO  r.s.j.m.m.a.MessengerApplication - No active profile set, falling back to 1 default profile: "default"
2025-05-04 20:45:23 [main] INFO  o.s.d.r.c.RepositoryConfigurationDelegate - Bootstrapping Spring Data JPA repositories in DEFAULT mode.
2025-05-04 20:45:23 [main] INFO  o.s.d.r.c.RepositoryConfigurationDelegate - Finished Spring Data repository scanning in 19 ms. Found 0 JPA repository interfaces.
2025-05-04 20:45:26 [main] INFO  o.s.b.w.e.tomcat.TomcatWebServer - Tomcat initialized with port 8080 (http)
2025-05-04 20:45:26 [main] INFO  o.a.coyote.http11.Http11NioProtocol - Initializing ProtocolHandler ["http-nio-8080"]
2025-05-04 20:45:26 [main] INFO  o.a.catalina.core.StandardService - Starting service [Tomcat]
2025-05-04 20:45:26 [main] INFO  o.a.catalina.core.StandardEngine - Starting Servlet engine: [Apache Tomcat/10.1.20]
2025-05-04 20:45:26 [main] INFO  o.a.c.c.C.[Tomcat].[localhost].[/] - Initializing Spring embedded WebApplicationContext
2025-05-04 20:45:26 [main] INFO  o.s.b.w.s.c.ServletWebServerApplicationContext - Root WebApplicationContext: initialization completed in 7110 ms
2025-05-04 20:45:27 [main] INFO  org.hibernate.Version - HHH000412: Hibernate ORM core version 6.5.3.Final
2025-05-04 20:45:28 [main] INFO  o.h.c.i.RegionFactoryInitiator - HHH000026: Second-level cache disabled
2025-05-04 20:45:28 [main] INFO  o.hibernate.orm.connections.pooling - HHH10001005: Loaded JDBC driver class: org.postgresql.Driver
2025-05-04 20:45:28 [main] INFO  o.hibernate.orm.connections.pooling - HHH10001012: Connecting with JDBC URL [jdbc:postgresql://localhost:6666/messenger]
2025-05-04 20:45:28 [main] INFO  o.hibernate.orm.connections.pooling - HHH10001001: Connection properties: {password=qwerty, user=postgres}
2025-05-04 20:45:28 [main] INFO  o.hibernate.orm.connections.pooling - HHH10001003: Autocommit mode: false
2025-05-04 20:45:28 [main] INFO  o.hibernate.orm.connections.pooling - HHH10001115: Connection pool size: 20 (min=1)
2025-05-04 20:45:33 [main] INFO  o.h.e.t.j.p.i.JtaPlatformInitiator - HHH000489: No JTA platform available (set 'hibernate.transaction.jta.platform' to enable JTA platform integration)
2025-05-04 20:45:35 [main] INFO  o.s.b.a.e.web.EndpointLinksResolver - Exposing 1 endpoint(s) beneath base path '/actuator'
2025-05-04 20:45:37 [main] INFO  o.s.s.web.DefaultSecurityFilterChain - Will secure any request with [org.springframework.security.web.session.DisableEncodeUrlFilter@119cd026, org.springframework.security.web.context.request.async.WebAsyncManagerIntegrationFilter@65448932, org.springframework.security.web.context.SecurityContextHolderFilter@7d412ab5, org.springframework.security.web.header.HeaderWriterFilter@36e7b91c, org.springframework.web.filter.CorsFilter@731a5a39, org.springframework.security.web.authentication.logout.LogoutFilter@2a12389e, ru.senla.javacourse.mutovin.messenger.impl.utils.JwtAuthenticationFilter@1abf38d1, org.springframework.security.web.savedrequest.RequestCacheAwareFilter@5078e308, org.springframework.security.web.servletapi.SecurityContextHolderAwareRequestFilter@55880c, org.springframework.security.web.authentication.AnonymousAuthenticationFilter@1acd952e, org.springframework.security.web.session.SessionManagementFilter@4e396d1c, org.springframework.security.web.access.ExceptionTranslationFilter@2e587292, org.springframework.security.web.access.intercept.AuthorizationFilter@1d8e9f22]
2025-05-04 20:45:40 [main] INFO  o.hibernate.orm.connections.pooling - HHH10001008: Cleaning up connection pool [jdbc:postgresql://localhost:6666/messenger]
2025-05-04 20:45:40 [main] INFO  o.a.catalina.core.StandardService - Stopping service [Tomcat]
2025-05-04 20:49:08 [background-preinit] INFO  o.h.validator.internal.util.Version - HV000001: Hibernate Validator 8.0.1.Final
2025-05-04 20:49:08 [main] INFO  r.s.j.m.m.a.MessengerApplication - Starting MessengerApplication using Java 17.0.12 with PID 2360 (C:\Users\tanki\pet-projects\Messenger\messenger-application\target\classes started by tanki in C:\Users\tanki\pet-projects\Messenger)
2025-05-04 20:49:08 [main] INFO  r.s.j.m.m.a.MessengerApplication - No active profile set, falling back to 1 default profile: "default"
2025-05-04 20:49:15 [main] INFO  o.s.b.w.e.tomcat.TomcatWebServer - Tomcat initialized with port 8080 (http)
2025-05-04 20:49:15 [main] INFO  o.a.coyote.http11.Http11NioProtocol - Initializing ProtocolHandler ["http-nio-8080"]
2025-05-04 20:49:15 [main] INFO  o.a.catalina.core.StandardService - Starting service [Tomcat]
2025-05-04 20:49:15 [main] INFO  o.a.catalina.core.StandardEngine - Starting Servlet engine: [Apache Tomcat/10.1.20]
2025-05-04 20:49:15 [main] INFO  o.a.c.c.C.[Tomcat].[localhost].[/] - Initializing Spring embedded WebApplicationContext
2025-05-04 20:49:15 [main] INFO  o.s.b.w.s.c.ServletWebServerApplicationContext - Root WebApplicationContext: initialization completed in 6501 ms
2025-05-04 20:49:16 [main] INFO  org.hibernate.Version - HHH000412: Hibernate ORM core version 6.5.3.Final
2025-05-04 20:49:17 [main] INFO  o.h.c.i.RegionFactoryInitiator - HHH000026: Second-level cache disabled
2025-05-04 20:49:18 [main] INFO  o.hibernate.orm.connections.pooling - HHH10001005: Loaded JDBC driver class: org.postgresql.Driver
2025-05-04 20:49:18 [main] INFO  o.hibernate.orm.connections.pooling - HHH10001012: Connecting with JDBC URL [jdbc:postgresql://localhost:6666/messenger]
2025-05-04 20:49:18 [main] INFO  o.hibernate.orm.connections.pooling - HHH10001001: Connection properties: {password=qwerty, user=postgres}
2025-05-04 20:49:18 [main] INFO  o.hibernate.orm.connections.pooling - HHH10001003: Autocommit mode: false
2025-05-04 20:49:18 [main] INFO  o.hibernate.orm.connections.pooling - HHH10001115: Connection pool size: 20 (min=1)
2025-05-04 20:49:23 [main] INFO  o.h.e.t.j.p.i.JtaPlatformInitiator - HHH000489: No JTA platform available (set 'hibernate.transaction.jta.platform' to enable JTA platform integration)
2025-05-04 20:49:24 [main] INFO  o.s.b.a.e.web.EndpointLinksResolver - Exposing 1 endpoint(s) beneath base path '/actuator'
2025-05-04 20:49:25 [main] INFO  o.s.s.web.DefaultSecurityFilterChain - Will secure any request with [org.springframework.security.web.session.DisableEncodeUrlFilter@4b19ee18, org.springframework.security.web.context.request.async.WebAsyncManagerIntegrationFilter@2561d61, org.springframework.security.web.context.SecurityContextHolderFilter@77d7d2d0, org.springframework.security.web.header.HeaderWriterFilter@732ae29c, org.springframework.web.filter.CorsFilter@6259d7a0, org.springframework.security.web.authentication.logout.LogoutFilter@6d7005e2, ru.senla.javacourse.mutovin.messenger.impl.utils.JwtAuthenticationFilter@6f70015, org.springframework.security.web.savedrequest.RequestCacheAwareFilter@5fa0943d, org.springframework.security.web.servletapi.SecurityContextHolderAwareRequestFilter@73bb782d, org.springframework.security.web.authentication.AnonymousAuthenticationFilter@374712f8, org.springframework.security.web.session.SessionManagementFilter@18918ab9, org.springframework.security.web.access.ExceptionTranslationFilter@3359217d, org.springframework.security.web.access.intercept.AuthorizationFilter@63e54c66]
2025-05-04 20:49:26 [main] INFO  o.a.coyote.http11.Http11NioProtocol - Starting ProtocolHandler ["http-nio-8080"]
2025-05-04 20:49:26 [main] INFO  o.s.b.w.e.tomcat.TomcatWebServer - Tomcat started on port 8080 (http) with context path ''
2025-05-04 20:49:26 [main] INFO  r.s.j.m.m.a.MessengerApplication - Started MessengerApplication in 19.319 seconds (process running for 22.125)
2025-05-04 20:49:51 [http-nio-8080-exec-1] INFO  o.a.c.c.C.[Tomcat].[localhost].[/] - Initializing Spring DispatcherServlet 'dispatcherServlet'
2025-05-04 20:49:51 [http-nio-8080-exec-1] INFO  o.s.web.servlet.DispatcherServlet - Initializing Servlet 'dispatcherServlet'
2025-05-04 20:49:51 [http-nio-8080-exec-1] INFO  o.s.web.servlet.DispatcherServlet - Completed initialization in 6 ms
2025-05-04 20:49:53 [http-nio-8080-exec-9] INFO  o.s.api.AbstractOpenApiResource - Init duration for springdoc-openapi is: 739 ms
