2025-05-12 00:15:19 [SpringApplicationShutdownHook] INFO  o.hibernate.orm.connections.pooling - HHH10001008: Cleaning up connection pool [jdbc:postgresql://localhost:6666/messenger]
2025-05-12 00:18:35 [background-preinit] INFO  o.h.validator.internal.util.Version - HV000001: Hibernate Validator 8.0.1.Final
2025-05-12 00:18:35 [main] INFO  r.s.j.m.m.a.MessengerApplication - Starting MessengerApplication using Java 17.0.12 with PID 16124 (C:\Users\tanki\pet-projects\Messenger\messenger-application\target\classes started by tanki in C:\Users\tanki\pet-projects\Messenger)
2025-05-12 00:18:35 [main] INFO  r.s.j.m.m.a.MessengerApplication - No active profile set, falling back to 1 default profile: "default"
2025-05-12 00:18:39 [main] INFO  o.s.b.w.e.tomcat.TomcatWebServer - Tomcat initialized with port 8080 (http)
2025-05-12 00:18:39 [main] INFO  o.a.coyote.http11.Http11NioProtocol - Initializing ProtocolHandler ["http-nio-8080"]
2025-05-12 00:18:39 [main] INFO  o.a.catalina.core.StandardService - Starting service [Tomcat]
2025-05-12 00:18:39 [main] INFO  o.a.catalina.core.StandardEngine - Starting Servlet engine: [Apache Tomcat/10.1.20]
2025-05-12 00:18:39 [main] INFO  o.a.c.c.C.[Tomcat].[localhost].[/] - Initializing Spring embedded WebApplicationContext
2025-05-12 00:18:39 [main] INFO  o.s.b.w.s.c.ServletWebServerApplicationContext - Root WebApplicationContext: initialization completed in 4342 ms
2025-05-12 00:18:40 [main] INFO  org.hibernate.Version - HHH000412: Hibernate ORM core version 6.5.3.Final
2025-05-12 00:18:40 [main] INFO  o.h.c.i.RegionFactoryInitiator - HHH000026: Second-level cache disabled
2025-05-12 00:18:41 [main] INFO  o.hibernate.orm.connections.pooling - HHH10001005: Loaded JDBC driver class: org.postgresql.Driver
2025-05-12 00:18:41 [main] INFO  o.hibernate.orm.connections.pooling - HHH10001012: Connecting with JDBC URL [jdbc:postgresql://localhost:6666/messenger]
2025-05-12 00:18:41 [main] INFO  o.hibernate.orm.connections.pooling - HHH10001001: Connection properties: {password=qwerty, user=postgres}
2025-05-12 00:18:41 [main] INFO  o.hibernate.orm.connections.pooling - HHH10001003: Autocommit mode: false
2025-05-12 00:18:41 [main] INFO  o.hibernate.orm.connections.pooling - HHH10001115: Connection pool size: 20 (min=1)
2025-05-12 00:18:45 [main] INFO  o.h.e.t.j.p.i.JtaPlatformInitiator - HHH000489: No JTA platform available (set 'hibernate.transaction.jta.platform' to enable JTA platform integration)
2025-05-12 00:18:46 [main] INFO  o.s.b.a.e.web.EndpointLinksResolver - Exposing 1 endpoint(s) beneath base path '/actuator'
2025-05-12 00:18:46 [main] INFO  o.s.s.web.DefaultSecurityFilterChain - Will secure any request with [org.springframework.security.web.session.DisableEncodeUrlFilter@3bbab2c9, org.springframework.security.web.context.request.async.WebAsyncManagerIntegrationFilter@27b9d5b7, org.springframework.security.web.context.SecurityContextHolderFilter@2d2697a8, org.springframework.security.web.header.HeaderWriterFilter@489e1887, org.springframework.web.filter.CorsFilter@625d2b6d, org.springframework.security.web.authentication.logout.LogoutFilter@3c2188b0, ru.senla.javacourse.mutovin.messenger.impl.utils.JwtAuthenticationFilter@4c69b396, org.springframework.security.web.savedrequest.RequestCacheAwareFilter@2df79942, org.springframework.security.web.servletapi.SecurityContextHolderAwareRequestFilter@7ee0dbd1, org.springframework.security.web.authentication.AnonymousAuthenticationFilter@490b8f1e, org.springframework.security.web.session.SessionManagementFilter@6e1a8e78, org.springframework.security.web.access.ExceptionTranslationFilter@772db1d8, org.springframework.security.web.access.intercept.AuthorizationFilter@1ee04ff6]
2025-05-12 00:18:47 [main] INFO  o.a.coyote.http11.Http11NioProtocol - Starting ProtocolHandler ["http-nio-8080"]
2025-05-12 00:18:47 [main] INFO  o.s.b.w.e.tomcat.TomcatWebServer - Tomcat started on port 8080 (http) with context path ''
2025-05-12 00:18:47 [main] INFO  r.s.j.m.m.a.MessengerApplication - Started MessengerApplication in 13.222 seconds (process running for 15.414)
2025-05-12 00:18:49 [RMI TCP Connection(9)-192.168.56.1] INFO  o.a.c.c.C.[Tomcat].[localhost].[/] - Initializing Spring DispatcherServlet 'dispatcherServlet'
2025-05-12 00:18:49 [RMI TCP Connection(9)-192.168.56.1] INFO  o.s.web.servlet.DispatcherServlet - Initializing Servlet 'dispatcherServlet'
2025-05-12 00:18:49 [RMI TCP Connection(9)-192.168.56.1] INFO  o.s.web.servlet.DispatcherServlet - Completed initialization in 6 ms
2025-05-12 00:21:39 [SpringApplicationShutdownHook] INFO  o.hibernate.orm.connections.pooling - HHH10001008: Cleaning up connection pool [jdbc:postgresql://localhost:6666/messenger]
2025-05-12 00:22:40 [background-preinit] INFO  o.h.validator.internal.util.Version - HV000001: Hibernate Validator 8.0.1.Final
2025-05-12 00:22:40 [main] INFO  r.s.j.m.m.a.MessengerApplication - Starting MessengerApplication using Java 17.0.12 with PID 4364 (C:\Users\tanki\pet-projects\Messenger\messenger-application\target\classes started by tanki in C:\Users\tanki\pet-projects\Messenger)
2025-05-12 00:22:40 [main] INFO  r.s.j.m.m.a.MessengerApplication - No active profile set, falling back to 1 default profile: "default"
2025-05-12 00:22:46 [main] INFO  o.s.b.w.e.tomcat.TomcatWebServer - Tomcat initialized with port 8080 (http)
2025-05-12 00:22:46 [main] INFO  o.a.coyote.http11.Http11NioProtocol - Initializing ProtocolHandler ["http-nio-8080"]
2025-05-12 00:22:46 [main] INFO  o.a.catalina.core.StandardService - Starting service [Tomcat]
2025-05-12 00:22:46 [main] INFO  o.a.catalina.core.StandardEngine - Starting Servlet engine: [Apache Tomcat/10.1.20]
2025-05-12 00:22:46 [main] INFO  o.a.c.c.C.[Tomcat].[localhost].[/] - Initializing Spring embedded WebApplicationContext
2025-05-12 00:22:46 [main] INFO  o.s.b.w.s.c.ServletWebServerApplicationContext - Root WebApplicationContext: initialization completed in 5538 ms
2025-05-12 00:22:47 [main] INFO  org.hibernate.Version - HHH000412: Hibernate ORM core version 6.5.3.Final
2025-05-12 00:22:47 [main] INFO  o.h.c.i.RegionFactoryInitiator - HHH000026: Second-level cache disabled
2025-05-12 00:22:48 [main] INFO  o.hibernate.orm.connections.pooling - HHH10001005: Loaded JDBC driver class: org.postgresql.Driver
2025-05-12 00:22:48 [main] INFO  o.hibernate.orm.connections.pooling - HHH10001012: Connecting with JDBC URL [jdbc:postgresql://localhost:6666/messenger]
2025-05-12 00:22:48 [main] INFO  o.hibernate.orm.connections.pooling - HHH10001001: Connection properties: {password=qwerty, user=postgres}
2025-05-12 00:22:48 [main] INFO  o.hibernate.orm.connections.pooling - HHH10001003: Autocommit mode: false
2025-05-12 00:22:48 [main] INFO  o.hibernate.orm.connections.pooling - HHH10001115: Connection pool size: 20 (min=1)
2025-05-12 00:22:52 [main] INFO  o.h.e.t.j.p.i.JtaPlatformInitiator - HHH000489: No JTA platform available (set 'hibernate.transaction.jta.platform' to enable JTA platform integration)
2025-05-12 00:22:52 [main] INFO  o.hibernate.orm.connections.pooling - HHH10001008: Cleaning up connection pool [jdbc:postgresql://localhost:6666/messenger]
2025-05-12 00:22:52 [main] INFO  o.a.catalina.core.StandardService - Stopping service [Tomcat]
2025-05-12 00:28:28 [background-preinit] INFO  o.h.validator.internal.util.Version - HV000001: Hibernate Validator 8.0.1.Final
2025-05-12 00:28:28 [main] INFO  r.s.j.m.m.a.MessengerApplication - Starting MessengerApplication using Java 17.0.12 with PID 2536 (C:\Users\tanki\pet-projects\Messenger\messenger-application\target\classes started by tanki in C:\Users\tanki\pet-projects\Messenger)
2025-05-12 00:28:28 [main] INFO  r.s.j.m.m.a.MessengerApplication - No active profile set, falling back to 1 default profile: "default"
2025-05-12 00:28:33 [main] INFO  o.s.b.w.e.tomcat.TomcatWebServer - Tomcat initialized with port 8080 (http)
2025-05-12 00:28:33 [main] INFO  o.a.coyote.http11.Http11NioProtocol - Initializing ProtocolHandler ["http-nio-8080"]
2025-05-12 00:28:33 [main] INFO  o.a.catalina.core.StandardService - Starting service [Tomcat]
2025-05-12 00:28:33 [main] INFO  o.a.catalina.core.StandardEngine - Starting Servlet engine: [Apache Tomcat/10.1.20]
2025-05-12 00:28:33 [main] INFO  o.a.c.c.C.[Tomcat].[localhost].[/] - Initializing Spring embedded WebApplicationContext
2025-05-12 00:28:33 [main] INFO  o.s.b.w.s.c.ServletWebServerApplicationContext - Root WebApplicationContext: initialization completed in 4865 ms
2025-05-12 00:28:33 [main] INFO  org.hibernate.Version - HHH000412: Hibernate ORM core version 6.5.3.Final
2025-05-12 00:28:34 [main] INFO  o.h.c.i.RegionFactoryInitiator - HHH000026: Second-level cache disabled
2025-05-12 00:28:34 [main] INFO  o.hibernate.orm.connections.pooling - HHH10001005: Loaded JDBC driver class: org.postgresql.Driver
2025-05-12 00:28:34 [main] INFO  o.hibernate.orm.connections.pooling - HHH10001012: Connecting with JDBC URL [jdbc:postgresql://localhost:6666/messenger]
2025-05-12 00:28:34 [main] INFO  o.hibernate.orm.connections.pooling - HHH10001001: Connection properties: {password=qwerty, user=postgres}
2025-05-12 00:28:34 [main] INFO  o.hibernate.orm.connections.pooling - HHH10001003: Autocommit mode: false
2025-05-12 00:28:34 [main] INFO  o.hibernate.orm.connections.pooling - HHH10001115: Connection pool size: 20 (min=1)
2025-05-12 00:28:37 [main] INFO  o.h.e.t.j.p.i.JtaPlatformInitiator - HHH000489: No JTA platform available (set 'hibernate.transaction.jta.platform' to enable JTA platform integration)
2025-05-12 00:28:38 [main] INFO  o.s.b.a.e.web.EndpointLinksResolver - Exposing 1 endpoint(s) beneath base path '/actuator'
2025-05-12 00:28:39 [main] INFO  o.s.s.web.DefaultSecurityFilterChain - Will secure any request with [org.springframework.security.web.session.DisableEncodeUrlFilter@2c64ee53, org.springframework.security.web.context.request.async.WebAsyncManagerIntegrationFilter@77c7d3f4, org.springframework.security.web.context.SecurityContextHolderFilter@5a438c0a, org.springframework.security.web.header.HeaderWriterFilter@3f4fd0dc, org.springframework.web.filter.CorsFilter@162c89ac, org.springframework.security.web.authentication.logout.LogoutFilter@2c69ea30, ru.senla.javacourse.mutovin.messenger.impl.utils.JwtAuthenticationFilter@128ebca1, org.springframework.security.web.savedrequest.RequestCacheAwareFilter@b42d1c8, org.springframework.security.web.servletapi.SecurityContextHolderAwareRequestFilter@73983f07, org.springframework.security.web.authentication.AnonymousAuthenticationFilter@644f033d, org.springframework.security.web.session.SessionManagementFilter@35ef158f, org.springframework.security.web.access.ExceptionTranslationFilter@3725242e, org.springframework.security.web.access.intercept.AuthorizationFilter@3bb186b]
2025-05-12 00:28:40 [main] INFO  o.a.coyote.http11.Http11NioProtocol - Starting ProtocolHandler ["http-nio-8080"]
2025-05-12 00:28:40 [main] INFO  o.s.b.w.e.tomcat.TomcatWebServer - Tomcat started on port 8080 (http) with context path ''
2025-05-12 00:28:40 [main] INFO  r.s.j.m.m.a.MessengerApplication - Started MessengerApplication in 13.718 seconds (process running for 17.462)
2025-05-12 00:28:48 [http-nio-8080-exec-2] INFO  o.a.c.c.C.[Tomcat].[localhost].[/] - Initializing Spring DispatcherServlet 'dispatcherServlet'
2025-05-12 00:28:48 [http-nio-8080-exec-2] INFO  o.s.web.servlet.DispatcherServlet - Initializing Servlet 'dispatcherServlet'
2025-05-12 00:28:48 [http-nio-8080-exec-2] INFO  o.s.web.servlet.DispatcherServlet - Completed initialization in 4 ms
2025-05-12 00:40:47 [SpringApplicationShutdownHook] INFO  o.hibernate.orm.connections.pooling - HHH10001008: Cleaning up connection pool [jdbc:postgresql://localhost:6666/messenger]
2025-05-12 00:41:03 [background-preinit] INFO  o.h.validator.internal.util.Version - HV000001: Hibernate Validator 8.0.1.Final
2025-05-12 00:41:03 [main] INFO  r.s.j.m.m.a.MessengerApplication - Starting MessengerApplication using Java 17.0.12 with PID 6036 (C:\Users\tanki\pet-projects\Messenger\messenger-application\target\classes started by tanki in C:\Users\tanki\pet-projects\Messenger)
2025-05-12 00:41:03 [main] INFO  r.s.j.m.m.a.MessengerApplication - No active profile set, falling back to 1 default profile: "default"
2025-05-12 00:41:07 [main] INFO  o.s.b.w.e.tomcat.TomcatWebServer - Tomcat initialized with port 8080 (http)
2025-05-12 00:41:07 [main] INFO  o.a.coyote.http11.Http11NioProtocol - Initializing ProtocolHandler ["http-nio-8080"]
2025-05-12 00:41:07 [main] INFO  o.a.catalina.core.StandardService - Starting service [Tomcat]
2025-05-12 00:41:07 [main] INFO  o.a.catalina.core.StandardEngine - Starting Servlet engine: [Apache Tomcat/10.1.20]
2025-05-12 00:41:07 [main] INFO  o.a.c.c.C.[Tomcat].[localhost].[/] - Initializing Spring embedded WebApplicationContext
2025-05-12 00:41:07 [main] INFO  o.s.b.w.s.c.ServletWebServerApplicationContext - Root WebApplicationContext: initialization completed in 4504 ms
2025-05-12 00:41:08 [main] INFO  org.hibernate.Version - HHH000412: Hibernate ORM core version 6.5.3.Final
2025-05-12 00:41:08 [main] INFO  o.h.c.i.RegionFactoryInitiator - HHH000026: Second-level cache disabled
2025-05-12 00:41:09 [main] INFO  o.hibernate.orm.connections.pooling - HHH10001005: Loaded JDBC driver class: org.postgresql.Driver
2025-05-12 00:41:09 [main] INFO  o.hibernate.orm.connections.pooling - HHH10001012: Connecting with JDBC URL [jdbc:postgresql://localhost:6666/messenger]
2025-05-12 00:41:09 [main] INFO  o.hibernate.orm.connections.pooling - HHH10001001: Connection properties: {password=qwerty, user=postgres}
2025-05-12 00:41:09 [main] INFO  o.hibernate.orm.connections.pooling - HHH10001003: Autocommit mode: false
2025-05-12 00:41:09 [main] INFO  o.hibernate.orm.connections.pooling - HHH10001115: Connection pool size: 20 (min=1)
2025-05-12 00:41:12 [main] INFO  o.h.e.t.j.p.i.JtaPlatformInitiator - HHH000489: No JTA platform available (set 'hibernate.transaction.jta.platform' to enable JTA platform integration)
2025-05-12 00:41:13 [main] INFO  o.s.b.a.e.web.EndpointLinksResolver - Exposing 1 endpoint(s) beneath base path '/actuator'
2025-05-12 00:41:14 [main] INFO  o.s.s.web.DefaultSecurityFilterChain - Will secure any request with [org.springframework.security.web.session.DisableEncodeUrlFilter@6860c000, org.springframework.security.web.context.request.async.WebAsyncManagerIntegrationFilter@3f4fd0dc, org.springframework.security.web.context.SecurityContextHolderFilter@1641dfb3, org.springframework.security.web.header.HeaderWriterFilter@346e76ad, org.springframework.web.filter.CorsFilter@3723de42, org.springframework.security.web.authentication.logout.LogoutFilter@27c9500c, ru.senla.javacourse.mutovin.messenger.impl.utils.JwtAuthenticationFilter@1d7f2719, org.springframework.security.web.savedrequest.RequestCacheAwareFilter@3397c8c0, org.springframework.security.web.servletapi.SecurityContextHolderAwareRequestFilter@22b581a5, org.springframework.security.web.authentication.AnonymousAuthenticationFilter@293988dc, org.springframework.security.web.session.SessionManagementFilter@14997cb9, org.springframework.security.web.access.ExceptionTranslationFilter@5d04adc1, org.springframework.security.web.access.intercept.AuthorizationFilter@5911dd25]
2025-05-12 00:41:15 [main] INFO  o.a.coyote.http11.Http11NioProtocol - Starting ProtocolHandler ["http-nio-8080"]
2025-05-12 00:41:15 [main] INFO  o.s.b.w.e.tomcat.TomcatWebServer - Tomcat started on port 8080 (http) with context path ''
2025-05-12 00:41:15 [main] INFO  r.s.j.m.m.a.MessengerApplication - Started MessengerApplication in 13.51 seconds (process running for 15.586)
2025-05-12 00:41:16 [RMI TCP Connection(4)-192.168.56.1] INFO  o.a.c.c.C.[Tomcat].[localhost].[/] - Initializing Spring DispatcherServlet 'dispatcherServlet'
2025-05-12 00:41:16 [RMI TCP Connection(4)-192.168.56.1] INFO  o.s.web.servlet.DispatcherServlet - Initializing Servlet 'dispatcherServlet'
2025-05-12 00:41:16 [RMI TCP Connection(4)-192.168.56.1] INFO  o.s.web.servlet.DispatcherServlet - Completed initialization in 6 ms
2025-05-12 00:41:29 [http-nio-8080-exec-9] INFO  o.s.api.AbstractOpenApiResource - Init duration for springdoc-openapi is: 961 ms
2025-05-12 01:01:52 [SpringApplicationShutdownHook] INFO  o.hibernate.orm.connections.pooling - HHH10001008: Cleaning up connection pool [jdbc:postgresql://localhost:6666/messenger]
2025-05-12 01:21:13 [background-preinit] INFO  o.h.validator.internal.util.Version - HV000001: Hibernate Validator 8.0.1.Final
2025-05-12 01:21:13 [main] INFO  r.s.j.m.m.a.MessengerApplication - Starting MessengerApplication using Java 17.0.12 with PID 20108 (C:\Users\tanki\pet-projects\Messenger\messenger-application\target\classes started by tanki in C:\Users\tanki\pet-projects\Messenger)
2025-05-12 01:21:13 [main] INFO  r.s.j.m.m.a.MessengerApplication - No active profile set, falling back to 1 default profile: "default"
2025-05-12 01:21:21 [main] INFO  o.s.b.w.e.tomcat.TomcatWebServer - Tomcat initialized with port 8080 (http)
2025-05-12 01:21:21 [main] INFO  o.a.coyote.http11.Http11NioProtocol - Initializing ProtocolHandler ["http-nio-8080"]
2025-05-12 01:21:21 [main] INFO  o.a.catalina.core.StandardService - Starting service [Tomcat]
2025-05-12 01:21:21 [main] INFO  o.a.catalina.core.StandardEngine - Starting Servlet engine: [Apache Tomcat/10.1.20]
2025-05-12 01:21:21 [main] INFO  o.a.c.c.C.[Tomcat].[localhost].[/] - Initializing Spring embedded WebApplicationContext
2025-05-12 01:21:21 [main] INFO  o.s.b.w.s.c.ServletWebServerApplicationContext - Root WebApplicationContext: initialization completed in 8375 ms
2025-05-12 01:21:22 [main] INFO  org.hibernate.Version - HHH000412: Hibernate ORM core version 6.5.3.Final
2025-05-12 01:21:23 [main] INFO  o.h.c.i.RegionFactoryInitiator - HHH000026: Second-level cache disabled
2025-05-12 01:21:23 [main] INFO  o.hibernate.orm.connections.pooling - HHH10001005: Loaded JDBC driver class: org.postgresql.Driver
2025-05-12 01:21:23 [main] INFO  o.hibernate.orm.connections.pooling - HHH10001012: Connecting with JDBC URL [jdbc:postgresql://localhost:6666/messenger]
2025-05-12 01:21:23 [main] INFO  o.hibernate.orm.connections.pooling - HHH10001001: Connection properties: {password=qwerty, user=postgres}
2025-05-12 01:21:23 [main] INFO  o.hibernate.orm.connections.pooling - HHH10001003: Autocommit mode: false
2025-05-12 01:21:23 [main] INFO  o.hibernate.orm.connections.pooling - HHH10001115: Connection pool size: 20 (min=1)
2025-05-12 01:21:29 [main] INFO  o.h.e.t.j.p.i.JtaPlatformInitiator - HHH000489: No JTA platform available (set 'hibernate.transaction.jta.platform' to enable JTA platform integration)
2025-05-12 01:21:31 [main] INFO  o.s.b.a.e.web.EndpointLinksResolver - Exposing 1 endpoint(s) beneath base path '/actuator'
2025-05-12 01:21:33 [main] INFO  o.s.s.web.DefaultSecurityFilterChain - Will secure any request with [org.springframework.security.web.session.DisableEncodeUrlFilter@56d189d0, org.springframework.security.web.context.request.async.WebAsyncManagerIntegrationFilter@14941b06, org.springframework.security.web.context.SecurityContextHolderFilter@4fc00158, org.springframework.security.web.header.HeaderWriterFilter@59cc46a4, org.springframework.web.filter.CorsFilter@7d776105, org.springframework.security.web.authentication.logout.LogoutFilter@7b88a2e2, ru.senla.javacourse.mutovin.messenger.impl.utils.JwtAuthenticationFilter@642b2176, org.springframework.security.web.savedrequest.RequestCacheAwareFilter@8ba7408, org.springframework.security.web.servletapi.SecurityContextHolderAwareRequestFilter@17616c07, org.springframework.security.web.authentication.AnonymousAuthenticationFilter@461e479c, org.springframework.security.web.session.SessionManagementFilter@2b14628b, org.springframework.security.web.access.ExceptionTranslationFilter@d41518b, org.springframework.security.web.access.intercept.AuthorizationFilter@3a3f1703]
2025-05-12 01:21:34 [main] INFO  o.a.coyote.http11.Http11NioProtocol - Starting ProtocolHandler ["http-nio-8080"]
2025-05-12 01:21:35 [main] INFO  o.s.b.w.e.tomcat.TomcatWebServer - Tomcat started on port 8080 (http) with context path ''
2025-05-12 01:21:35 [main] INFO  r.s.j.m.m.a.MessengerApplication - Started MessengerApplication in 23.741 seconds (process running for 27.972)
2025-05-12 01:21:38 [RMI TCP Connection(2)-192.168.56.1] INFO  o.a.c.c.C.[Tomcat].[localhost].[/] - Initializing Spring DispatcherServlet 'dispatcherServlet'
2025-05-12 01:21:38 [RMI TCP Connection(2)-192.168.56.1] INFO  o.s.web.servlet.DispatcherServlet - Initializing Servlet 'dispatcherServlet'
2025-05-12 01:21:38 [RMI TCP Connection(2)-192.168.56.1] INFO  o.s.web.servlet.DispatcherServlet - Completed initialization in 9 ms
2025-05-12 01:26:50 [SpringApplicationShutdownHook] INFO  o.hibernate.orm.connections.pooling - HHH10001008: Cleaning up connection pool [jdbc:postgresql://localhost:6666/messenger]
2025-05-12 01:27:03 [background-preinit] INFO  o.h.validator.internal.util.Version - HV000001: Hibernate Validator 8.0.1.Final
2025-05-12 01:27:03 [main] INFO  r.s.j.m.m.a.MessengerApplication - Starting MessengerApplication using Java 17.0.12 with PID 19196 (C:\Users\tanki\pet-projects\Messenger\messenger-application\target\classes started by tanki in C:\Users\tanki\pet-projects\Messenger)
2025-05-12 01:27:03 [main] INFO  r.s.j.m.m.a.MessengerApplication - No active profile set, falling back to 1 default profile: "default"
2025-05-12 01:27:08 [main] INFO  o.s.b.w.e.tomcat.TomcatWebServer - Tomcat initialized with port 8080 (http)
2025-05-12 01:27:09 [main] INFO  o.a.coyote.http11.Http11NioProtocol - Initializing ProtocolHandler ["http-nio-8080"]
2025-05-12 01:27:09 [main] INFO  o.a.catalina.core.StandardService - Starting service [Tomcat]
2025-05-12 01:27:09 [main] INFO  o.a.catalina.core.StandardEngine - Starting Servlet engine: [Apache Tomcat/10.1.20]
2025-05-12 01:27:09 [main] INFO  o.a.c.c.C.[Tomcat].[localhost].[/] - Initializing Spring embedded WebApplicationContext
2025-05-12 01:27:09 [main] INFO  o.s.b.w.s.c.ServletWebServerApplicationContext - Root WebApplicationContext: initialization completed in 5948 ms
2025-05-12 01:27:09 [main] INFO  org.hibernate.Version - HHH000412: Hibernate ORM core version 6.5.3.Final
2025-05-12 01:27:10 [main] INFO  o.h.c.i.RegionFactoryInitiator - HHH000026: Second-level cache disabled
2025-05-12 01:27:11 [main] INFO  o.hibernate.orm.connections.pooling - HHH10001005: Loaded JDBC driver class: org.postgresql.Driver
2025-05-12 01:27:11 [main] INFO  o.hibernate.orm.connections.pooling - HHH10001012: Connecting with JDBC URL [jdbc:postgresql://localhost:6666/messenger]
2025-05-12 01:27:11 [main] INFO  o.hibernate.orm.connections.pooling - HHH10001001: Connection properties: {password=qwerty, user=postgres}
2025-05-12 01:27:11 [main] INFO  o.hibernate.orm.connections.pooling - HHH10001003: Autocommit mode: false
2025-05-12 01:27:11 [main] INFO  o.hibernate.orm.connections.pooling - HHH10001115: Connection pool size: 20 (min=1)
2025-05-12 01:27:16 [main] INFO  o.h.e.t.j.p.i.JtaPlatformInitiator - HHH000489: No JTA platform available (set 'hibernate.transaction.jta.platform' to enable JTA platform integration)
2025-05-12 01:27:18 [main] INFO  o.s.b.a.e.web.EndpointLinksResolver - Exposing 1 endpoint(s) beneath base path '/actuator'
2025-05-12 01:27:19 [main] INFO  o.s.s.web.DefaultSecurityFilterChain - Will secure any request with [org.springframework.security.web.session.DisableEncodeUrlFilter@27b9d5b7, org.springframework.security.web.context.request.async.WebAsyncManagerIntegrationFilter@625d2b6d, org.springframework.security.web.context.SecurityContextHolderFilter@17f5b53a, org.springframework.security.web.header.HeaderWriterFilter@7421213d, org.springframework.web.filter.CorsFilter@490b8f1e, org.springframework.security.web.authentication.logout.LogoutFilter@9751c9, ru.senla.javacourse.mutovin.messenger.impl.utils.JwtAuthenticationFilter@49314684, org.springframework.security.web.savedrequest.RequestCacheAwareFilter@7ee0dbd1, org.springframework.security.web.servletapi.SecurityContextHolderAwareRequestFilter@67629872, org.springframework.security.web.authentication.AnonymousAuthenticationFilter@27c9500c, org.springframework.security.web.session.SessionManagementFilter@5a0c0680, org.springframework.security.web.access.ExceptionTranslationFilter@7955b4d4, org.springframework.security.web.access.intercept.AuthorizationFilter@32fefbe6]
2025-05-12 01:27:20 [main] INFO  o.a.coyote.http11.Http11NioProtocol - Starting ProtocolHandler ["http-nio-8080"]
2025-05-12 01:27:20 [main] INFO  o.s.b.w.e.tomcat.TomcatWebServer - Tomcat started on port 8080 (http) with context path ''
2025-05-12 01:27:20 [main] INFO  r.s.j.m.m.a.MessengerApplication - Started MessengerApplication in 18.689 seconds (process running for 21.033)
2025-05-12 01:27:21 [RMI TCP Connection(3)-192.168.56.1] INFO  o.a.c.c.C.[Tomcat].[localhost].[/] - Initializing Spring DispatcherServlet 'dispatcherServlet'
2025-05-12 01:27:21 [RMI TCP Connection(3)-192.168.56.1] INFO  o.s.web.servlet.DispatcherServlet - Initializing Servlet 'dispatcherServlet'
2025-05-12 01:27:21 [RMI TCP Connection(3)-192.168.56.1] INFO  o.s.web.servlet.DispatcherServlet - Completed initialization in 11 ms
2025-05-12 01:40:51 [SpringApplicationShutdownHook] INFO  o.hibernate.orm.connections.pooling - HHH10001008: Cleaning up connection pool [jdbc:postgresql://localhost:6666/messenger]
2025-05-12 01:41:07 [background-preinit] INFO  o.h.validator.internal.util.Version - HV000001: Hibernate Validator 8.0.1.Final
2025-05-12 01:41:08 [main] INFO  r.s.j.m.m.a.MessengerApplication - Starting MessengerApplication using Java 17.0.12 with PID 1312 (C:\Users\tanki\pet-projects\Messenger\messenger-application\target\classes started by tanki in C:\Users\tanki\pet-projects\Messenger)
2025-05-12 01:41:08 [main] INFO  r.s.j.m.m.a.MessengerApplication - No active profile set, falling back to 1 default profile: "default"
2025-05-12 01:41:12 [main] INFO  o.s.b.w.e.tomcat.TomcatWebServer - Tomcat initialized with port 8080 (http)
2025-05-12 01:41:12 [main] INFO  o.a.coyote.http11.Http11NioProtocol - Initializing ProtocolHandler ["http-nio-8080"]
2025-05-12 01:41:12 [main] INFO  o.a.catalina.core.StandardService - Starting service [Tomcat]
2025-05-12 01:41:12 [main] INFO  o.a.catalina.core.StandardEngine - Starting Servlet engine: [Apache Tomcat/10.1.20]
2025-05-12 01:41:13 [main] INFO  o.a.c.c.C.[Tomcat].[localhost].[/] - Initializing Spring embedded WebApplicationContext
2025-05-12 01:41:13 [main] INFO  o.s.b.w.s.c.ServletWebServerApplicationContext - Root WebApplicationContext: initialization completed in 4847 ms
2025-05-12 01:41:13 [main] INFO  org.hibernate.Version - HHH000412: Hibernate ORM core version 6.5.3.Final
2025-05-12 01:41:14 [main] INFO  o.h.c.i.RegionFactoryInitiator - HHH000026: Second-level cache disabled
2025-05-12 01:41:14 [main] INFO  o.hibernate.orm.connections.pooling - HHH10001005: Loaded JDBC driver class: org.postgresql.Driver
2025-05-12 01:41:14 [main] INFO  o.hibernate.orm.connections.pooling - HHH10001012: Connecting with JDBC URL [jdbc:postgresql://localhost:6666/messenger]
2025-05-12 01:41:14 [main] INFO  o.hibernate.orm.connections.pooling - HHH10001001: Connection properties: {password=qwerty, user=postgres}
2025-05-12 01:41:14 [main] INFO  o.hibernate.orm.connections.pooling - HHH10001003: Autocommit mode: false
2025-05-12 01:41:14 [main] INFO  o.hibernate.orm.connections.pooling - HHH10001115: Connection pool size: 20 (min=1)
2025-05-12 01:41:19 [main] INFO  o.h.e.t.j.p.i.JtaPlatformInitiator - HHH000489: No JTA platform available (set 'hibernate.transaction.jta.platform' to enable JTA platform integration)
2025-05-12 01:41:20 [main] INFO  o.s.b.a.e.web.EndpointLinksResolver - Exposing 1 endpoint(s) beneath base path '/actuator'
2025-05-12 01:41:21 [main] INFO  o.s.s.web.DefaultSecurityFilterChain - Will secure any request with [org.springframework.security.web.session.DisableEncodeUrlFilter@225d93aa, org.springframework.security.web.context.request.async.WebAsyncManagerIntegrationFilter@35ef158f, org.springframework.security.web.context.SecurityContextHolderFilter@c1bcea1, org.springframework.security.web.header.HeaderWriterFilter@14997cb9, org.springframework.web.filter.CorsFilter@59d8a968, org.springframework.security.web.authentication.logout.LogoutFilter@4d7f3adf, ru.senla.javacourse.mutovin.messenger.impl.utils.JwtAuthenticationFilter@3763aafd, org.springframework.security.web.savedrequest.RequestCacheAwareFilter@4beec7a1, org.springframework.security.web.servletapi.SecurityContextHolderAwareRequestFilter@71cdde0c, org.springframework.security.web.authentication.AnonymousAuthenticationFilter@14cd8dfa, org.springframework.security.web.session.SessionManagementFilter@3e7935f1, org.springframework.security.web.access.ExceptionTranslationFilter@4c219c84, org.springframework.security.web.access.intercept.AuthorizationFilter@4cdb7fd9]
2025-05-12 01:41:22 [main] INFO  o.a.coyote.http11.Http11NioProtocol - Starting ProtocolHandler ["http-nio-8080"]
2025-05-12 01:41:23 [main] INFO  o.s.b.w.e.tomcat.TomcatWebServer - Tomcat started on port 8080 (http) with context path ''
2025-05-12 01:41:23 [main] INFO  r.s.j.m.m.a.MessengerApplication - Started MessengerApplication in 16.044 seconds (process running for 18.761)
2025-05-12 01:41:24 [RMI TCP Connection(2)-192.168.56.1] INFO  o.a.c.c.C.[Tomcat].[localhost].[/] - Initializing Spring DispatcherServlet 'dispatcherServlet'
2025-05-12 01:41:24 [RMI TCP Connection(2)-192.168.56.1] INFO  o.s.web.servlet.DispatcherServlet - Initializing Servlet 'dispatcherServlet'
2025-05-12 01:41:24 [RMI TCP Connection(2)-192.168.56.1] INFO  o.s.web.servlet.DispatcherServlet - Completed initialization in 6 ms
2025-05-12 01:42:49 [SpringApplicationShutdownHook] INFO  o.hibernate.orm.connections.pooling - HHH10001008: Cleaning up connection pool [jdbc:postgresql://localhost:6666/messenger]
